Archive member included to satisfy reference by file (symbol)

/nix/store/lyw5x085828mzih76llii47bnn7da5f8-gcc-arm-embedded-14.2.rel1/bin/../lib/gcc/arm-none-eabi/14.2.1/../../../../arm-none-eabi/lib/thumb/v7-m/nofp/libc_nano.a(libc_a-exit.o)
                              /nix/store/lyw5x085828mzih76llii47bnn7da5f8-gcc-arm-embedded-14.2.rel1/bin/../lib/gcc/arm-none-eabi/14.2.1/../../../../arm-none-eabi/lib/thumb/v7-m/nofp/crt0.o (exit)
/nix/store/lyw5x085828mzih76llii47bnn7da5f8-gcc-arm-embedded-14.2.rel1/bin/../lib/gcc/arm-none-eabi/14.2.1/../../../../arm-none-eabi/lib/thumb/v7-m/nofp/libc_nano.a(libc_a-findfp.o)
                              /nix/store/lyw5x085828mzih76llii47bnn7da5f8-gcc-arm-embedded-14.2.rel1/bin/../lib/gcc/arm-none-eabi/14.2.1/../../../../arm-none-eabi/lib/thumb/v7-m/nofp/libc_nano.a(libc_a-exit.o) (__stdio_exit_handler)
/nix/store/lyw5x085828mzih76llii47bnn7da5f8-gcc-arm-embedded-14.2.rel1/bin/../lib/gcc/arm-none-eabi/14.2.1/../../../../arm-none-eabi/lib/thumb/v7-m/nofp/libc_nano.a(libc_a-fwalk.o)
                              /nix/store/lyw5x085828mzih76llii47bnn7da5f8-gcc-arm-embedded-14.2.rel1/bin/../lib/gcc/arm-none-eabi/14.2.1/../../../../arm-none-eabi/lib/thumb/v7-m/nofp/libc_nano.a(libc_a-findfp.o) (_fwalk_sglue)
/nix/store/lyw5x085828mzih76llii47bnn7da5f8-gcc-arm-embedded-14.2.rel1/bin/../lib/gcc/arm-none-eabi/14.2.1/../../../../arm-none-eabi/lib/thumb/v7-m/nofp/libc_nano.a(libc_a-stdio.o)
                              /nix/store/lyw5x085828mzih76llii47bnn7da5f8-gcc-arm-embedded-14.2.rel1/bin/../lib/gcc/arm-none-eabi/14.2.1/../../../../arm-none-eabi/lib/thumb/v7-m/nofp/libc_nano.a(libc_a-findfp.o) (__sread)
/nix/store/lyw5x085828mzih76llii47bnn7da5f8-gcc-arm-embedded-14.2.rel1/bin/../lib/gcc/arm-none-eabi/14.2.1/../../../../arm-none-eabi/lib/thumb/v7-m/nofp/libc_nano.a(libc_a-memset.o)
                              /nix/store/lyw5x085828mzih76llii47bnn7da5f8-gcc-arm-embedded-14.2.rel1/bin/../lib/gcc/arm-none-eabi/14.2.1/../../../../arm-none-eabi/lib/thumb/v7-m/nofp/crt0.o (memset)
/nix/store/lyw5x085828mzih76llii47bnn7da5f8-gcc-arm-embedded-14.2.rel1/bin/../lib/gcc/arm-none-eabi/14.2.1/../../../../arm-none-eabi/lib/thumb/v7-m/nofp/libc_nano.a(libc_a-closer.o)
                              /nix/store/lyw5x085828mzih76llii47bnn7da5f8-gcc-arm-embedded-14.2.rel1/bin/../lib/gcc/arm-none-eabi/14.2.1/../../../../arm-none-eabi/lib/thumb/v7-m/nofp/libc_nano.a(libc_a-stdio.o) (_close_r)
/nix/store/lyw5x085828mzih76llii47bnn7da5f8-gcc-arm-embedded-14.2.rel1/bin/../lib/gcc/arm-none-eabi/14.2.1/../../../../arm-none-eabi/lib/thumb/v7-m/nofp/libc_nano.a(libc_a-reent.o)
                              /nix/store/lyw5x085828mzih76llii47bnn7da5f8-gcc-arm-embedded-14.2.rel1/bin/../lib/gcc/arm-none-eabi/14.2.1/../../../../arm-none-eabi/lib/thumb/v7-m/nofp/libc_nano.a(libc_a-closer.o) (errno)
/nix/store/lyw5x085828mzih76llii47bnn7da5f8-gcc-arm-embedded-14.2.rel1/bin/../lib/gcc/arm-none-eabi/14.2.1/../../../../arm-none-eabi/lib/thumb/v7-m/nofp/libc_nano.a(libc_a-impure.o)
                              /nix/store/lyw5x085828mzih76llii47bnn7da5f8-gcc-arm-embedded-14.2.rel1/bin/../lib/gcc/arm-none-eabi/14.2.1/../../../../arm-none-eabi/lib/thumb/v7-m/nofp/libc_nano.a(libc_a-reent.o) (_impure_ptr)
/nix/store/lyw5x085828mzih76llii47bnn7da5f8-gcc-arm-embedded-14.2.rel1/bin/../lib/gcc/arm-none-eabi/14.2.1/../../../../arm-none-eabi/lib/thumb/v7-m/nofp/libc_nano.a(libc_a-lseekr.o)
                              /nix/store/lyw5x085828mzih76llii47bnn7da5f8-gcc-arm-embedded-14.2.rel1/bin/../lib/gcc/arm-none-eabi/14.2.1/../../../../arm-none-eabi/lib/thumb/v7-m/nofp/libc_nano.a(libc_a-stdio.o) (_lseek_r)
/nix/store/lyw5x085828mzih76llii47bnn7da5f8-gcc-arm-embedded-14.2.rel1/bin/../lib/gcc/arm-none-eabi/14.2.1/../../../../arm-none-eabi/lib/thumb/v7-m/nofp/libc_nano.a(libc_a-readr.o)
                              /nix/store/lyw5x085828mzih76llii47bnn7da5f8-gcc-arm-embedded-14.2.rel1/bin/../lib/gcc/arm-none-eabi/14.2.1/../../../../arm-none-eabi/lib/thumb/v7-m/nofp/libc_nano.a(libc_a-stdio.o) (_read_r)
/nix/store/lyw5x085828mzih76llii47bnn7da5f8-gcc-arm-embedded-14.2.rel1/bin/../lib/gcc/arm-none-eabi/14.2.1/../../../../arm-none-eabi/lib/thumb/v7-m/nofp/libc_nano.a(libc_a-writer.o)
                              /nix/store/lyw5x085828mzih76llii47bnn7da5f8-gcc-arm-embedded-14.2.rel1/bin/../lib/gcc/arm-none-eabi/14.2.1/../../../../arm-none-eabi/lib/thumb/v7-m/nofp/libc_nano.a(libc_a-stdio.o) (_write_r)
/nix/store/lyw5x085828mzih76llii47bnn7da5f8-gcc-arm-embedded-14.2.rel1/bin/../lib/gcc/arm-none-eabi/14.2.1/../../../../arm-none-eabi/lib/thumb/v7-m/nofp/libc_nano.a(libc_a-init.o)
                              /nix/store/lyw5x085828mzih76llii47bnn7da5f8-gcc-arm-embedded-14.2.rel1/bin/../lib/gcc/arm-none-eabi/14.2.1/../../../../arm-none-eabi/lib/thumb/v7-m/nofp/crt0.o (__libc_init_array)
[...]
Memory Configuration

Name             Origin             Length             Attributes
RAM              0x20000000         0x00005000         xrw
FLASH            0x08000000         0x00010000         xr
*default*        0x00000000         0xffffffff

Linker script and memory map

LOAD /nix/store/lyw5x085828mzih76llii47bnn7da5f8-gcc-arm-embedded-14.2.rel1/bin/../lib/gcc/arm-none-eabi/14.2.1/thumb/v7-m/nofp/crti.o
LOAD /nix/store/lyw5x085828mzih76llii47bnn7da5f8-gcc-arm-embedded-14.2.rel1/bin/../lib/gcc/arm-none-eabi/14.2.1/thumb/v7-m/nofp/crtbegin.o
LOAD /nix/store/lyw5x085828mzih76llii47bnn7da5f8-gcc-arm-embedded-14.2.rel1/bin/../lib/gcc/arm-none-eabi/14.2.1/../../../../arm-none-eabi/lib/thumb/v7-m/nofp/crt0.o
START GROUP
LOAD /nix/store/lyw5x085828mzih76llii47bnn7da5f8-gcc-arm-embedded-14.2.rel1/bin/../lib/gcc/arm-none-eabi/14.2.1/../../../../arm-none-eabi/lib/thumb/v7-m/nofp/libc_nano.a
LOAD /nix/store/lyw5x085828mzih76llii47bnn7da5f8-gcc-arm-embedded-14.2.rel1/bin/../lib/gcc/arm-none-eabi/14.2.1/../../../../arm-none-eabi/lib/thumb/v7-m/nofp/libm.a
END GROUP
LOAD CMakeFiles/LED_Blink.dir/USB_DEVICE/Target/usbd_conf.c.obj
LOAD CMakeFiles/LED_Blink.dir/USB_DEVICE/App/usb_device.c.obj
LOAD CMakeFiles/LED_Blink.dir/USB_DEVICE/App/usbd_desc.c.obj
LOAD CMakeFiles/LED_Blink.dir/USB_DEVICE/App/usbd_cdc_if.c.obj
LOAD CMakeFiles/LED_Blink.dir/Core/Src/main.c.obj
LOAD CMakeFiles/LED_Blink.dir/Core/Src/gpio.c.obj
LOAD CMakeFiles/LED_Blink.dir/Core/Src/i2c.c.obj
LOAD CMakeFiles/LED_Blink.dir/Core/Src/tim.c.obj
LOAD CMakeFiles/LED_Blink.dir/Core/Src/stm32f1xx_it.c.obj
LOAD CMakeFiles/LED_Blink.dir/Core/Src/stm32f1xx_hal_msp.c.obj
LOAD CMakeFiles/LED_Blink.dir/Core/Src/sysmem.c.obj
LOAD CMakeFiles/LED_Blink.dir/Core/Src/syscalls.c.obj
LOAD CMakeFiles/LED_Blink.dir/startup_stm32f103xb.s.obj
LOAD CMakeFiles/LED_Blink.dir/Core/Src/chinese_font_16x16.c.obj
LOAD CMakeFiles/LED_Blink.dir/Core/Src/rgb_breathing.c.obj
LOAD CMakeFiles/LED_Blink.dir/Core/Src/ssd1306.c.obj
LOAD CMakeFiles/LED_Blink.dir/Core/Src/ssd1306_fonts.c.obj
LOAD CMakeFiles/LED_Blink.dir/Core/Src/ssd1306_fonts_vertical.c.obj
LOAD CMakeFiles/LED_Blink.dir/Core/Src/timer_control.c.obj
LOAD cmake/stm32cubemx/CMakeFiles/STM32_Drivers.dir/__/__/Core/Src/system_stm32f1xx.c.obj
LOAD cmake/stm32cubemx/CMakeFiles/STM32_Drivers.dir/__/__/Drivers/STM32F1xx_HAL_Driver/Src/stm32f1xx_hal_gpio_ex.c.obj
LOAD cmake/stm32cubemx/CMakeFiles/STM32_Drivers.dir/__/__/Drivers/STM32F1xx_HAL_Driver/Src/stm32f1xx_hal_pcd.c.obj
LOAD cmake/stm32cubemx/CMakeFiles/STM32_Drivers.dir/__/__/Drivers/STM32F1xx_HAL_Driver/Src/stm32f1xx_hal_pcd_ex.c.obj
LOAD cmake/stm32cubemx/CMakeFiles/STM32_Drivers.dir/__/__/Drivers/STM32F1xx_HAL_Driver/Src/stm32f1xx_ll_usb.c.obj
LOAD cmake/stm32cubemx/CMakeFiles/STM32_Drivers.dir/__/__/Drivers/STM32F1xx_HAL_Driver/Src/stm32f1xx_hal.c.obj
LOAD cmake/stm32cubemx/CMakeFiles/STM32_Drivers.dir/__/__/Drivers/STM32F1xx_HAL_Driver/Src/stm32f1xx_hal_rcc.c.obj
LOAD cmake/stm32cubemx/CMakeFiles/STM32_Drivers.dir/__/__/Drivers/STM32F1xx_HAL_Driver/Src/stm32f1xx_hal_rcc_ex.c.obj
LOAD cmake/stm32cubemx/CMakeFiles/STM32_Drivers.dir/__/__/Drivers/STM32F1xx_HAL_Driver/Src/stm32f1xx_hal_gpio.c.obj
LOAD cmake/stm32cubemx/CMakeFiles/STM32_Drivers.dir/__/__/Drivers/STM32F1xx_HAL_Driver/Src/stm32f1xx_hal_dma.c.obj
LOAD cmake/stm32cubemx/CMakeFiles/STM32_Drivers.dir/__/__/Drivers/STM32F1xx_HAL_Driver/Src/stm32f1xx_hal_cortex.c.obj
LOAD cmake/stm32cubemx/CMakeFiles/STM32_Drivers.dir/__/__/Drivers/STM32F1xx_HAL_Driver/Src/stm32f1xx_hal_pwr.c.obj
LOAD cmake/stm32cubemx/CMakeFiles/STM32_Drivers.dir/__/__/Drivers/STM32F1xx_HAL_Driver/Src/stm32f1xx_hal_flash.c.obj
LOAD cmake/stm32cubemx/CMakeFiles/STM32_Drivers.dir/__/__/Drivers/STM32F1xx_HAL_Driver/Src/stm32f1xx_hal_flash_ex.c.obj
LOAD cmake/stm32cubemx/CMakeFiles/STM32_Drivers.dir/__/__/Drivers/STM32F1xx_HAL_Driver/Src/stm32f1xx_hal_exti.c.obj
LOAD cmake/stm32cubemx/CMakeFiles/STM32_Drivers.dir/__/__/Drivers/STM32F1xx_HAL_Driver/Src/stm32f1xx_hal_i2c.c.obj
LOAD cmake/stm32cubemx/CMakeFiles/STM32_Drivers.dir/__/__/Drivers/STM32F1xx_HAL_Driver/Src/stm32f1xx_hal_tim.c.obj
LOAD cmake/stm32cubemx/CMakeFiles/STM32_Drivers.dir/__/__/Drivers/STM32F1xx_HAL_Driver/Src/stm32f1xx_hal_tim_ex.c.obj
LOAD cmake/stm32cubemx/CMakeFiles/USB_Device_Library.dir/__/__/Middlewares/ST/STM32_USB_Device_Library/Core/Src/usbd_core.c.obj
LOAD cmake/stm32cubemx/CMakeFiles/USB_Device_Library.dir/__/__/Middlewares/ST/STM32_USB_Device_Library/Core/Src/usbd_ctlreq.c.obj
LOAD cmake/stm32cubemx/CMakeFiles/USB_Device_Library.dir/__/__/Middlewares/ST/STM32_USB_Device_Library/Core/Src/usbd_ioreq.c.obj
LOAD cmake/stm32cubemx/CMakeFiles/USB_Device_Library.dir/__/__/Middlewares/ST/STM32_USB_Device_Library/Class/CDC/Src/usbd_cdc.c.obj
START GROUP
LOAD /nix/store/lyw5x085828mzih76llii47bnn7da5f8-gcc-arm-embedded-14.2.rel1/bin/../lib/gcc/arm-none-eabi/14.2.1/thumb/v7-m/nofp/libgcc.a
LOAD /nix/store/lyw5x085828mzih76llii47bnn7da5f8-gcc-arm-embedded-14.2.rel1/bin/../lib/gcc/arm-none-eabi/14.2.1/../../../../arm-none-eabi/lib/thumb/v7-m/nofp/libg_nano.a
LOAD /nix/store/lyw5x085828mzih76llii47bnn7da5f8-gcc-arm-embedded-14.2.rel1/bin/../lib/gcc/arm-none-eabi/14.2.1/../../../../arm-none-eabi/lib/thumb/v7-m/nofp/libc_nano.a
END GROUP
START GROUP
LOAD /nix/store/lyw5x085828mzih76llii47bnn7da5f8-gcc-arm-embedded-14.2.rel1/bin/../lib/gcc/arm-none-eabi/14.2.1/thumb/v7-m/nofp/libgcc.a
LOAD /nix/store/lyw5x085828mzih76llii47bnn7da5f8-gcc-arm-embedded-14.2.rel1/bin/../lib/gcc/arm-none-eabi/14.2.1/../../../../arm-none-eabi/lib/thumb/v7-m/nofp/libc_nano.a
END GROUP
LOAD /nix/store/lyw5x085828mzih76llii47bnn7da5f8-gcc-arm-embedded-14.2.rel1/bin/../lib/gcc/arm-none-eabi/14.2.1/thumb/v7-m/nofp/crtend.o
LOAD /nix/store/lyw5x085828mzih76llii47bnn7da5f8-gcc-arm-embedded-14.2.rel1/bin/../lib/gcc/arm-none-eabi/14.2.1/thumb/v7-m/nofp/crtn.o
                0x20005000                        _estack = (ORIGIN (RAM) + LENGTH (RAM))
                0x00000200                        _Min_Heap_Size = 0x200
                0x00000400                        _Min_Stack_Size = 0x400

.isr_vector     0x08000000      0x10c
                0x08000000                        . = ALIGN (0x4)
 *(.isr_vector)
 .isr_vector    0x08000000      0x10c CMakeFiles/LED_Blink.dir/startup_stm32f103xb.s.obj
                0x08000000                g_pfnVectors
                0x0800010c                        . = ALIGN (0x4)

.text           0x0800010c     0xb000
                0x0800010c                        . = ALIGN (0x4)
 *(.text)
 .text          0x0800010c      0x21c /nix/store/lyw5x085828mzih76llii47bnn7da5f8-gcc-arm-embedded-14.2.rel1/bin/../lib/gcc/arm-none-eabi/14.2.1/thumb/v7-m/nofp/libgcc.a(_arm_addsubsf3.o)
                0x0800010c                __aeabi_frsub
                0x08000114                __subsf3
                0x08000114                __aeabi_fsub
                0x08000118                __aeabi_fadd
                0x08000118                __addsf3
                0x08000278                __aeabi_ui2f
                0x08000278                __floatunsisf
                0x08000280                __aeabi_i2f
                0x08000280                __floatsisf
                0x0800029c                __floatundisf
                0x0800029c                __aeabi_ul2f
                0x080002ac                __floatdisf
                0x080002ac                __aeabi_l2f
 .text          0x08000328      0x2a0 /nix/store/lyw5x085828mzih76llii47bnn7da5f8-gcc-arm-embedded-14.2.rel1/bin/../lib/gcc/arm-none-eabi/14.2.1/thumb/v7-m/nofp/libgcc.a(_arm_muldivsf3.o)
                0x08000328                __mulsf3
                0x08000328                __aeabi_fmul
                0x08000490                __divsf3
                0x08000490                __aeabi_fdiv
 .text          0x080005c8       0xec /nix/store/lyw5x085828mzih76llii47bnn7da5f8-gcc-arm-embedded-14.2.rel1/bin/../lib/gcc/arm-none-eabi/14.2.1/thumb/v7-m/nofp/libgcc.a(_arm_cmpsf2.o)
                0x080005c8                __gtsf2
                0x080005c8                __gesf2
                0x080005d0                __lesf2
                0x080005d0                __ltsf2
                0x080005d8                __nesf2
                0x080005d8                __eqsf2
                0x080005d8                __cmpsf2
                0x08000638                __aeabi_cfrcmple
                0x08000640                __aeabi_cfcmple
                0x08000640                __aeabi_cfcmpeq
                0x08000650                __aeabi_fcmpeq
                0x08000664                __aeabi_fcmplt
                0x08000678                __aeabi_fcmple
                0x0800068c                __aeabi_fcmpge
                0x080006a0                __aeabi_fcmpgt
 .text          0x080006b4       0x40 /nix/store/lyw5x085828mzih76llii47bnn7da5f8-gcc-arm-embedded-14.2.rel1/bin/../lib/gcc/arm-none-eabi/14.2.1/thumb/v7-m/nofp/libgcc.a(_arm_fixunssfsi.o)
                0x080006b4                __aeabi_f2uiz
                0x080006b4                __fixunssfsi
 .text          0x080006f4       0x4c /nix/store/lyw5x085828mzih76llii47bnn7da5f8-gcc-arm-embedded-14.2.rel1/bin/../lib/gcc/arm-none-eabi/14.2.1/thumb/v7-m/nofp/libgcc.a(_arm_fixsfsi.o)
                0x080006f4                __fixsfsi
                0x080006f4                __aeabi_f2iz
 *(.text*)
 .text.deregister_tm_clones
                0x08000740       0x1c /nix/store/lyw5x085828mzih76llii47bnn7da5f8-gcc-arm-embedded-14.2.rel1/bin/../lib/gcc/arm-none-eabi/14.2.1/thumb/v7-m/nofp/crtbegin.o
 .text.register_tm_clones
                0x0800075c       0x24 /nix/store/lyw5x085828mzih76llii47bnn7da5f8-gcc-arm-embedded-14.2.rel1/bin/../lib/gcc/arm-none-eabi/14.2.1/thumb/v7-m/nofp/crtbegin.o
 .text.__do_global_dtors_aux
                0x08000780       0x28 /nix/store/lyw5x085828mzih76llii47bnn7da5f8-gcc-arm-embedded-14.2.rel1/bin/../lib/gcc/arm-none-eabi/14.2.1/thumb/v7-m/nofp/crtbegin.o
 .text.frame_dummy
                0x080007a8       0x24 /nix/store/lyw5x085828mzih76llii47bnn7da5f8-gcc-arm-embedded-14.2.rel1/bin/../lib/gcc/arm-none-eabi/14.2.1/thumb/v7-m/nofp/crtbegin.o
 .text.memset   0x080007cc       0x10 /nix/store/lyw5x085828mzih76llii47bnn7da5f8-gcc-arm-embedded-14.2.rel1/bin/../lib/gcc/arm-none-eabi/14.2.1/../../../../arm-none-eabi/lib/thumb/v7-m/nofp/libc_nano.a(libc_a-memset.o)
                0x080007cc                memset
 .text.__libc_init_array
                0x080007dc       0x48 /nix/store/lyw5x085828mzih76llii47bnn7da5f8-gcc-arm-embedded-14.2.rel1/bin/../lib/gcc/arm-none-eabi/14.2.1/../../../../arm-none-eabi/lib/thumb/v7-m/nofp/libc_nano.a(libc_a-init.o)
                0x080007dc                __libc_init_array
 .text.HAL_PCD_MspInit
                0x08000824       0x4c CMakeFiles/LED_Blink.dir/USB_DEVICE/Target/usbd_conf.c.obj
                0x08000824                HAL_PCD_MspInit
 .text.HAL_PCD_SetupStageCallback
                0x08000870       0x24 CMakeFiles/LED_Blink.dir/USB_DEVICE/Target/usbd_conf.c.obj
                0x08000870                HAL_PCD_SetupStageCallback
 .text.HAL_PCD_DataOutStageCallback
                0x08000894       0x36 CMakeFiles/LED_Blink.dir/USB_DEVICE/Target/usbd_conf.c.obj
                0x08000894                HAL_PCD_DataOutStageCallback
 .text.HAL_PCD_DataInStageCallback
                0x080008ca       0x34 CMakeFiles/LED_Blink.dir/USB_DEVICE/Target/usbd_conf.c.obj
                0x080008ca                HAL_PCD_DataInStageCallback
 .text.HAL_PCD_SOFCallback
                0x080008fe       0x1c CMakeFiles/LED_Blink.dir/USB_DEVICE/Target/usbd_conf.c.obj
                0x080008fe                HAL_PCD_SOFCallback
 .text.HAL_PCD_ResetCallback
                0x0800091a       0x3c CMakeFiles/LED_Blink.dir/USB_DEVICE/Target/usbd_conf.c.obj
                0x0800091a                HAL_PCD_ResetCallback
 *fill*         0x08000956        0x2 
 .text.HAL_PCD_SuspendCallback
                0x08000958       0x34 CMakeFiles/LED_Blink.dir/USB_DEVICE/Target/usbd_conf.c.obj
                0x08000958                HAL_PCD_SuspendCallback
 .text.HAL_PCD_ResumeCallback
                0x0800098c       0x1c CMakeFiles/LED_Blink.dir/USB_DEVICE/Target/usbd_conf.c.obj
                0x0800098c                HAL_PCD_ResumeCallback
 .text.USBD_LL_Init
                0x080009a8       0xb4 CMakeFiles/LED_Blink.dir/USB_DEVICE/Target/usbd_conf.c.obj
                0x080009a8                USBD_LL_Init
 .text.USBD_LL_Start
                0x08000a5c       0x36 CMakeFiles/LED_Blink.dir/USB_DEVICE/Target/usbd_conf.c.obj
                0x08000a5c                USBD_LL_Start
 .text.USBD_LL_OpenEP
                0x08000a92       0x4c CMakeFiles/LED_Blink.dir/USB_DEVICE/Target/usbd_conf.c.obj
                0x08000a92                USBD_LL_OpenEP
 .text.USBD_LL_CloseEP
                0x08000ade       0x3e CMakeFiles/LED_Blink.dir/USB_DEVICE/Target/usbd_conf.c.obj
                0x08000ade                USBD_LL_CloseEP
 .text.USBD_LL_StallEP
                0x08000b1c       0x3e CMakeFiles/LED_Blink.dir/USB_DEVICE/Target/usbd_conf.c.obj
                0x08000b1c                USBD_LL_StallEP
 .text.USBD_LL_ClearStallEP
                0x08000b5a       0x3e CMakeFiles/LED_Blink.dir/USB_DEVICE/Target/usbd_conf.c.obj
                0x08000b5a                USBD_LL_ClearStallEP
 .text.USBD_LL_IsStallEP
                0x08000b98       0x56 CMakeFiles/LED_Blink.dir/USB_DEVICE/Target/usbd_conf.c.obj
                0x08000b98                USBD_LL_IsStallEP
 .text.USBD_LL_SetUSBAddress
                0x08000bee       0x3e CMakeFiles/LED_Blink.dir/USB_DEVICE/Target/usbd_conf.c.obj
                0x08000bee                USBD_LL_SetUSBAddress
 .text.USBD_LL_Transmit
                0x08000c2c       0x46 CMakeFiles/LED_Blink.dir/USB_DEVICE/Target/usbd_conf.c.obj
                0x08000c2c                USBD_LL_Transmit
 .text.USBD_LL_PrepareReceive
                0x08000c72       0x46 CMakeFiles/LED_Blink.dir/USB_DEVICE/Target/usbd_conf.c.obj
                0x08000c72                USBD_LL_PrepareReceive
 .text.USBD_LL_GetRxDataSize
                0x08000cb8       0x26 CMakeFiles/LED_Blink.dir/USB_DEVICE/Target/usbd_conf.c.obj
                0x08000cb8                USBD_LL_GetRxDataSize
 *fill*         0x08000cde        0x2 
 .text.USBD_static_malloc
                0x08000ce0       0x18 CMakeFiles/LED_Blink.dir/USB_DEVICE/Target/usbd_conf.c.obj
                0x08000ce0                USBD_static_malloc
 .text.USBD_static_free
                0x08000cf8       0x12 CMakeFiles/LED_Blink.dir/USB_DEVICE/Target/usbd_conf.c.obj
                0x08000cf8                USBD_static_free
 .text.HAL_PCDEx_SetConnectionState
                0x08000d0a       0x16 CMakeFiles/LED_Blink.dir/USB_DEVICE/Target/usbd_conf.c.obj
                0x08000d0a                HAL_PCDEx_SetConnectionState
 .text.USBD_Get_USB_Status
                0x08000d20       0x58 CMakeFiles/LED_Blink.dir/USB_DEVICE/Target/usbd_conf.c.obj
 .text.MX_USB_DEVICE_Init
                0x08000d78       0x60 CMakeFiles/LED_Blink.dir/USB_DEVICE/App/usb_device.c.obj
                0x08000d78                MX_USB_DEVICE_Init
 .text.USBD_FS_DeviceDescriptor
                0x08000dd8       0x24 CMakeFiles/LED_Blink.dir/USB_DEVICE/App/usbd_desc.c.obj
                0x08000dd8                USBD_FS_DeviceDescriptor
 .text.USBD_FS_LangIDStrDescriptor
                0x08000dfc       0x24 CMakeFiles/LED_Blink.dir/USB_DEVICE/App/usbd_desc.c.obj
                0x08000dfc                USBD_FS_LangIDStrDescriptor
 .text.USBD_FS_ProductStrDescriptor
                0x08000e20       0x3c CMakeFiles/LED_Blink.dir/USB_DEVICE/App/usbd_desc.c.obj
                0x08000e20                USBD_FS_ProductStrDescriptor
 .text.USBD_FS_ManufacturerStrDescriptor
                0x08000e5c       0x28 CMakeFiles/LED_Blink.dir/USB_DEVICE/App/usbd_desc.c.obj
                0x08000e5c                USBD_FS_ManufacturerStrDescriptor
 .text.USBD_FS_SerialStrDescriptor
                0x08000e84       0x24 CMakeFiles/LED_Blink.dir/USB_DEVICE/App/usbd_desc.c.obj
                0x08000e84                USBD_FS_SerialStrDescriptor
 .text.USBD_FS_ConfigStrDescriptor
                0x08000ea8       0x3c CMakeFiles/LED_Blink.dir/USB_DEVICE/App/usbd_desc.c.obj
                0x08000ea8                USBD_FS_ConfigStrDescriptor
 .text.USBD_FS_InterfaceStrDescriptor
                0x08000ee4       0x3c CMakeFiles/LED_Blink.dir/USB_DEVICE/App/usbd_desc.c.obj
                0x08000ee4                USBD_FS_InterfaceStrDescriptor
 .text.Get_SerialNum
                0x08000f20       0x58 CMakeFiles/LED_Blink.dir/USB_DEVICE/App/usbd_desc.c.obj
 .text.IntToUnicode
                0x08000f78       0x7c CMakeFiles/LED_Blink.dir/USB_DEVICE/App/usbd_desc.c.obj
 .text.CDC_Init_FS
                0x08000ff4       0x28 CMakeFiles/LED_Blink.dir/USB_DEVICE/App/usbd_cdc_if.c.obj
 .text.CDC_DeInit_FS
                0x0800101c        0xe CMakeFiles/LED_Blink.dir/USB_DEVICE/App/usbd_cdc_if.c.obj
 *fill*         0x0800102a        0x2 
 .text.CDC_Control_FS
                0x0800102c       0xbc CMakeFiles/LED_Blink.dir/USB_DEVICE/App/usbd_cdc_if.c.obj
 .text.CDC_Receive_FS
                0x080010e8       0x28 CMakeFiles/LED_Blink.dir/USB_DEVICE/App/usbd_cdc_if.c.obj
 .text.main     0x08001110      0x2c8 CMakeFiles/LED_Blink.dir/Core/Src/main.c.obj
                0x08001110                main
 .text.SystemClock_Config
                0x080013d8       0xb4 CMakeFiles/LED_Blink.dir/Core/Src/main.c.obj
                0x080013d8                SystemClock_Config
 .text.Error_Handler
                0x0800148c        0xc CMakeFiles/LED_Blink.dir/Core/Src/main.c.obj
                0x0800148c                Error_Handler
 .text.MX_GPIO_Init
                0x08001498       0xcc CMakeFiles/LED_Blink.dir/Core/Src/gpio.c.obj
                0x08001498                MX_GPIO_Init
 .text.MX_I2C1_Init
                0x08001564       0x5c CMakeFiles/LED_Blink.dir/Core/Src/i2c.c.obj
                0x08001564                MX_I2C1_Init
 .text.HAL_I2C_MspInit
                0x080015c0       0xa4 CMakeFiles/LED_Blink.dir/Core/Src/i2c.c.obj
                0x080015c0                HAL_I2C_MspInit
 .text.MX_TIM2_Init
                0x08001664       0xdc CMakeFiles/LED_Blink.dir/Core/Src/tim.c.obj
                0x08001664                MX_TIM2_Init
 .text.MX_TIM3_Init
                0x08001740       0xa8 CMakeFiles/LED_Blink.dir/Core/Src/tim.c.obj
                0x08001740                MX_TIM3_Init
 .text.HAL_TIM_PWM_MspInit
                0x080017e8       0x50 CMakeFiles/LED_Blink.dir/Core/Src/tim.c.obj
                0x080017e8                HAL_TIM_PWM_MspInit
 .text.HAL_TIM_MspPostInit
                0x08001838       0x64 CMakeFiles/LED_Blink.dir/Core/Src/tim.c.obj
                0x08001838                HAL_TIM_MspPostInit
 .text.HAL_TIM_Encoder_MspInit
                0x0800189c       0x7c CMakeFiles/LED_Blink.dir/Core/Src/tim.c.obj
                0x0800189c                HAL_TIM_Encoder_MspInit
 .text.NMI_Handler
                0x08001918        0x8 CMakeFiles/LED_Blink.dir/Core/Src/stm32f1xx_it.c.obj
                0x08001918                NMI_Handler
 .text.HardFault_Handler
                0x08001920        0x8 CMakeFiles/LED_Blink.dir/Core/Src/stm32f1xx_it.c.obj
                0x08001920                HardFault_Handler
 .text.MemManage_Handler
                0x08001928        0x8 CMakeFiles/LED_Blink.dir/Core/Src/stm32f1xx_it.c.obj
                0x08001928                MemManage_Handler
 .text.BusFault_Handler
                0x08001930        0x8 CMakeFiles/LED_Blink.dir/Core/Src/stm32f1xx_it.c.obj
                0x08001930                BusFault_Handler
 .text.UsageFault_Handler
                0x08001938        0x8 CMakeFiles/LED_Blink.dir/Core/Src/stm32f1xx_it.c.obj
                0x08001938                UsageFault_Handler
 .text.SVC_Handler
                0x08001940        0xc CMakeFiles/LED_Blink.dir/Core/Src/stm32f1xx_it.c.obj
                0x08001940                SVC_Handler
 .text.DebugMon_Handler
                0x0800194c        0xc CMakeFiles/LED_Blink.dir/Core/Src/stm32f1xx_it.c.obj
                0x0800194c                DebugMon_Handler
 .text.PendSV_Handler
                0x08001958        0xc CMakeFiles/LED_Blink.dir/Core/Src/stm32f1xx_it.c.obj
                0x08001958                PendSV_Handler
 .text.SysTick_Handler
                0x08001964        0xc CMakeFiles/LED_Blink.dir/Core/Src/stm32f1xx_it.c.obj
                0x08001964                SysTick_Handler
 .text.USB_LP_CAN1_RX0_IRQHandler
                0x08001970       0x14 CMakeFiles/LED_Blink.dir/Core/Src/stm32f1xx_it.c.obj
                0x08001970                USB_LP_CAN1_RX0_IRQHandler
 .text.HAL_MspInit
                0x08001984       0x64 CMakeFiles/LED_Blink.dir/Core/Src/stm32f1xx_hal_msp.c.obj
                0x08001984                HAL_MspInit
 .text.Reset_Handler
                0x080019e8       0x48 CMakeFiles/LED_Blink.dir/startup_stm32f103xb.s.obj
                0x080019e8                Reset_Handler
 .text.Default_Handler
                0x08001a30        0x2 CMakeFiles/LED_Blink.dir/startup_stm32f103xb.s.obj
                0x08001a30                RTC_Alarm_IRQHandler
                0x08001a30                EXTI2_IRQHandler
                0x08001a30                TIM1_CC_IRQHandler
                0x08001a30                PVD_IRQHandler
                0x08001a30                EXTI3_IRQHandler
                0x08001a30                EXTI0_IRQHandler
                0x08001a30                I2C2_EV_IRQHandler
                0x08001a30                ADC1_2_IRQHandler
                0x08001a30                SPI1_IRQHandler
                0x08001a30                TAMPER_IRQHandler
                0x08001a30                DMA1_Channel4_IRQHandler
                0x08001a30                USART3_IRQHandler
                0x08001a30                RTC_IRQHandler
                0x08001a30                DMA1_Channel7_IRQHandler
                0x08001a30                CAN1_RX1_IRQHandler
                0x08001a30                TIM4_IRQHandler
                0x08001a30                I2C1_EV_IRQHandler
                0x08001a30                DMA1_Channel6_IRQHandler
                0x08001a30                TIM3_IRQHandler
                0x08001a30                RCC_IRQHandler
                0x08001a30                TIM1_TRG_COM_IRQHandler
                0x08001a30                DMA1_Channel1_IRQHandler
                0x08001a30                Default_Handler
                0x08001a30                EXTI15_10_IRQHandler
                0x08001a30                EXTI9_5_IRQHandler
                0x08001a30                SPI2_IRQHandler
                0x08001a30                DMA1_Channel5_IRQHandler
                0x08001a30                EXTI4_IRQHandler
                0x08001a30                USB_HP_CAN1_TX_IRQHandler
                0x08001a30                DMA1_Channel3_IRQHandler
                0x08001a30                TIM1_UP_IRQHandler
                0x08001a30                WWDG_IRQHandler
                0x08001a30                TIM2_IRQHandler
                0x08001a30                TIM1_BRK_IRQHandler
                0x08001a30                EXTI1_IRQHandler
                0x08001a30                USART2_IRQHandler
                0x08001a30                I2C2_ER_IRQHandler
                0x08001a30                DMA1_Channel2_IRQHandler
                0x08001a30                CAN1_SCE_IRQHandler
                0x08001a30                FLASH_IRQHandler
                0x08001a30                USART1_IRQHandler
                0x08001a30                I2C1_ER_IRQHandler
                0x08001a30                USBWakeUp_IRQHandler
 *fill*         0x08001a32        0x2 
 .text.ssd1306_WriteChineseText
                0x08001a34      0x170 CMakeFiles/LED_Blink.dir/Core/Src/chinese_font_16x16.c.obj
                0x08001a34                ssd1306_WriteChineseText
 .text.RGB_Init
                0x08001ba4       0x30 CMakeFiles/LED_Blink.dir/Core/Src/rgb_breathing.c.obj
                0x08001ba4                RGB_Init
 .text.RGB_SetColor
                0x08001bd4       0x64 CMakeFiles/LED_Blink.dir/Core/Src/rgb_breathing.c.obj
                0x08001bd4                RGB_SetColor
 .text.RGB_BreathingInit
                0x08001c38       0x30 CMakeFiles/LED_Blink.dir/Core/Src/rgb_breathing.c.obj
                0x08001c38                RGB_BreathingInit
 .text.RGB_GetRainbowColor
                0x08001c68      0x140 CMakeFiles/LED_Blink.dir/Core/Src/rgb_breathing.c.obj
                0x08001c68                RGB_GetRainbowColor
 .text.RGB_BreathingUpdate
                0x08001da8      0x154 CMakeFiles/LED_Blink.dir/Core/Src/rgb_breathing.c.obj
                0x08001da8                RGB_BreathingUpdate
 .text.ssd1306_WriteCommand
                0x08001efc       0x30 CMakeFiles/LED_Blink.dir/Core/Src/ssd1306.c.obj
                0x08001efc                ssd1306_WriteCommand
 .text.ssd1306_WriteData
                0x08001f2c       0x64 CMakeFiles/LED_Blink.dir/Core/Src/ssd1306.c.obj
                0x08001f2c                ssd1306_WriteData
 .text.ssd1306_Init
                0x08001f90       0xdc CMakeFiles/LED_Blink.dir/Core/Src/ssd1306.c.obj
                0x08001f90                ssd1306_Init
 .text.ssd1306_Fill
                0x0800206c       0x30 CMakeFiles/LED_Blink.dir/Core/Src/ssd1306.c.obj
                0x0800206c                ssd1306_Fill
 .text.ssd1306_UpdateScreen
                0x0800209c       0x50 CMakeFiles/LED_Blink.dir/Core/Src/ssd1306.c.obj
                0x0800209c                ssd1306_UpdateScreen
 .text.ssd1306_WriteChar
                0x080020ec      0x2a8 CMakeFiles/LED_Blink.dir/Core/Src/ssd1306.c.obj
                0x080020ec                ssd1306_WriteChar
 .text.ssd1306_WriteString
                0x08002394       0x44 CMakeFiles/LED_Blink.dir/Core/Src/ssd1306.c.obj
                0x08002394                ssd1306_WriteString
 .text.ssd1306_SetCursor
                0x080023d8       0x30 CMakeFiles/LED_Blink.dir/Core/Src/ssd1306.c.obj
                0x080023d8                ssd1306_SetCursor
 .text.Timer_Init
                0x08002408       0x3c CMakeFiles/LED_Blink.dir/Core/Src/timer_control.c.obj
                0x08002408                Timer_Init
 .text.Timer_ReadButton
                0x08002444       0x80 CMakeFiles/LED_Blink.dir/Core/Src/timer_control.c.obj
                0x08002444                Timer_ReadButton
 .text.SystemInit
                0x080024c4        0xc cmake/stm32cubemx/CMakeFiles/STM32_Drivers.dir/__/__/Core/Src/system_stm32f1xx.c.obj
                0x080024c4                SystemInit
 .text.HAL_PCD_Init
                0x080024d0      0x1ec cmake/stm32cubemx/CMakeFiles/STM32_Drivers.dir/__/__/Drivers/STM32F1xx_HAL_Driver/Src/stm32f1xx_hal_pcd.c.obj
                0x080024d0                HAL_PCD_Init
 .text.HAL_PCD_Start
                0x080026bc       0x4c cmake/stm32cubemx/CMakeFiles/STM32_Drivers.dir/__/__/Drivers/STM32F1xx_HAL_Driver/Src/stm32f1xx_hal_pcd.c.obj
                0x080026bc                HAL_PCD_Start
 .text.HAL_PCD_IRQHandler
                0x08002708      0x260 cmake/stm32cubemx/CMakeFiles/STM32_Drivers.dir/__/__/Drivers/STM32F1xx_HAL_Driver/Src/stm32f1xx_hal_pcd.c.obj
                0x08002708                HAL_PCD_IRQHandler
 .text.HAL_PCD_SetAddress
                0x08002968       0x48 cmake/stm32cubemx/CMakeFiles/STM32_Drivers.dir/__/__/Drivers/STM32F1xx_HAL_Driver/Src/stm32f1xx_hal_pcd.c.obj
                0x08002968                HAL_PCD_SetAddress
 .text.HAL_PCD_EP_Open
                0x080029b0       0xba cmake/stm32cubemx/CMakeFiles/STM32_Drivers.dir/__/__/Drivers/STM32F1xx_HAL_Driver/Src/stm32f1xx_hal_pcd.c.obj
                0x080029b0                HAL_PCD_EP_Open
 .text.HAL_PCD_EP_Close
                0x08002a6a       0x90 cmake/stm32cubemx/CMakeFiles/STM32_Drivers.dir/__/__/Drivers/STM32F1xx_HAL_Driver/Src/stm32f1xx_hal_pcd.c.obj
                0x08002a6a                HAL_PCD_EP_Close
 .text.HAL_PCD_EP_Receive
                0x08002afa       0x62 cmake/stm32cubemx/CMakeFiles/STM32_Drivers.dir/__/__/Drivers/STM32F1xx_HAL_Driver/Src/stm32f1xx_hal_pcd.c.obj
                0x08002afa                HAL_PCD_EP_Receive
 .text.HAL_PCD_EP_GetRxCount
                0x08002b5c       0x2e cmake/stm32cubemx/CMakeFiles/STM32_Drivers.dir/__/__/Drivers/STM32F1xx_HAL_Driver/Src/stm32f1xx_hal_pcd.c.obj
                0x08002b5c                HAL_PCD_EP_GetRxCount
 .text.HAL_PCD_EP_Transmit
                0x08002b8a       0x6e cmake/stm32cubemx/CMakeFiles/STM32_Drivers.dir/__/__/Drivers/STM32F1xx_HAL_Driver/Src/stm32f1xx_hal_pcd.c.obj
                0x08002b8a                HAL_PCD_EP_Transmit
 .text.HAL_PCD_EP_SetStall
                0x08002bf8       0xc0 cmake/stm32cubemx/CMakeFiles/STM32_Drivers.dir/__/__/Drivers/STM32F1xx_HAL_Driver/Src/stm32f1xx_hal_pcd.c.obj
                0x08002bf8                HAL_PCD_EP_SetStall
 .text.HAL_PCD_EP_ClrStall
                0x08002cb8       0xa8 cmake/stm32cubemx/CMakeFiles/STM32_Drivers.dir/__/__/Drivers/STM32F1xx_HAL_Driver/Src/stm32f1xx_hal_pcd.c.obj
                0x08002cb8                HAL_PCD_EP_ClrStall
 .text.PCD_EP_ISR_Handler
                0x08002d60      0x79e cmake/stm32cubemx/CMakeFiles/STM32_Drivers.dir/__/__/Drivers/STM32F1xx_HAL_Driver/Src/stm32f1xx_hal_pcd.c.obj
 .text.HAL_PCD_EP_DB_Receive
                0x080034fe      0x21a cmake/stm32cubemx/CMakeFiles/STM32_Drivers.dir/__/__/Drivers/STM32F1xx_HAL_Driver/Src/stm32f1xx_hal_pcd.c.obj
 .text.HAL_PCD_EP_DB_Transmit
                0x08003718      0x7f4 cmake/stm32cubemx/CMakeFiles/STM32_Drivers.dir/__/__/Drivers/STM32F1xx_HAL_Driver/Src/stm32f1xx_hal_pcd.c.obj
 .text.HAL_PCDEx_PMAConfig
                0x08003f0c       0x84 cmake/stm32cubemx/CMakeFiles/STM32_Drivers.dir/__/__/Drivers/STM32F1xx_HAL_Driver/Src/stm32f1xx_hal_pcd_ex.c.obj
                0x08003f0c                HAL_PCDEx_PMAConfig
 .text.USB_CoreInit
                0x08003f90       0x1a cmake/stm32cubemx/CMakeFiles/STM32_Drivers.dir/__/__/Drivers/STM32F1xx_HAL_Driver/Src/stm32f1xx_ll_usb.c.obj
                0x08003f90                USB_CoreInit
 .text.USB_EnableGlobalInt
                0x08003faa       0x2c cmake/stm32cubemx/CMakeFiles/STM32_Drivers.dir/__/__/Drivers/STM32F1xx_HAL_Driver/Src/stm32f1xx_ll_usb.c.obj
                0x08003faa                USB_EnableGlobalInt
 .text.USB_DisableGlobalInt
                0x08003fd6       0x34 cmake/stm32cubemx/CMakeFiles/STM32_Drivers.dir/__/__/Drivers/STM32F1xx_HAL_Driver/Src/stm32f1xx_ll_usb.c.obj
                0x08003fd6                USB_DisableGlobalInt
 .text.USB_SetCurrentMode
                0x0800400a       0x18 cmake/stm32cubemx/CMakeFiles/STM32_Drivers.dir/__/__/Drivers/STM32F1xx_HAL_Driver/Src/stm32f1xx_ll_usb.c.obj
                0x0800400a                USB_SetCurrentMode
 .text.USB_DevInit
                0x08004022       0x3a cmake/stm32cubemx/CMakeFiles/STM32_Drivers.dir/__/__/Drivers/STM32F1xx_HAL_Driver/Src/stm32f1xx_ll_usb.c.obj
                0x08004022                USB_DevInit
 .text.USB_ActivateEndpoint
                0x0800405c      0x780 cmake/stm32cubemx/CMakeFiles/STM32_Drivers.dir/__/__/Drivers/STM32F1xx_HAL_Driver/Src/stm32f1xx_ll_usb.c.obj
                0x0800405c                USB_ActivateEndpoint
 .text.USB_DeactivateEndpoint
                0x080047dc      0x3d8 cmake/stm32cubemx/CMakeFiles/STM32_Drivers.dir/__/__/Drivers/STM32F1xx_HAL_Driver/Src/stm32f1xx_ll_usb.c.obj
                0x080047dc                USB_DeactivateEndpoint
 .text.USB_EPStartXfer
                0x08004bb4     0x1762 cmake/stm32cubemx/CMakeFiles/STM32_Drivers.dir/__/__/Drivers/STM32F1xx_HAL_Driver/Src/stm32f1xx_ll_usb.c.obj
                0x08004bb4                USB_EPStartXfer
 .text.USB_EPSetStall
                0x08006316       0xa0 cmake/stm32cubemx/CMakeFiles/STM32_Drivers.dir/__/__/Drivers/STM32F1xx_HAL_Driver/Src/stm32f1xx_ll_usb.c.obj
                0x08006316                USB_EPSetStall
 .text.USB_EPClearStall
                0x080063b6      0x15a cmake/stm32cubemx/CMakeFiles/STM32_Drivers.dir/__/__/Drivers/STM32F1xx_HAL_Driver/Src/stm32f1xx_ll_usb.c.obj
                0x080063b6                USB_EPClearStall
 .text.USB_SetDevAddress
                0x08006510       0x26 cmake/stm32cubemx/CMakeFiles/STM32_Drivers.dir/__/__/Drivers/STM32F1xx_HAL_Driver/Src/stm32f1xx_ll_usb.c.obj
                0x08006510                USB_SetDevAddress
 .text.USB_DevConnect
                0x08006536       0x14 cmake/stm32cubemx/CMakeFiles/STM32_Drivers.dir/__/__/Drivers/STM32F1xx_HAL_Driver/Src/stm32f1xx_ll_usb.c.obj
                0x08006536                USB_DevConnect
 .text.USB_DevDisconnect
                0x0800654a       0x14 cmake/stm32cubemx/CMakeFiles/STM32_Drivers.dir/__/__/Drivers/STM32F1xx_HAL_Driver/Src/stm32f1xx_ll_usb.c.obj
                0x0800654a                USB_DevDisconnect
 .text.USB_ReadInterrupts
                0x0800655e       0x1e cmake/stm32cubemx/CMakeFiles/STM32_Drivers.dir/__/__/Drivers/STM32F1xx_HAL_Driver/Src/stm32f1xx_ll_usb.c.obj
                0x0800655e                USB_ReadInterrupts
 .text.USB_EP0_OutStart
                0x0800657c       0x16 cmake/stm32cubemx/CMakeFiles/STM32_Drivers.dir/__/__/Drivers/STM32F1xx_HAL_Driver/Src/stm32f1xx_ll_usb.c.obj
                0x0800657c                USB_EP0_OutStart
 .text.USB_WritePMA
                0x08006592       0x8c cmake/stm32cubemx/CMakeFiles/STM32_Drivers.dir/__/__/Drivers/STM32F1xx_HAL_Driver/Src/stm32f1xx_ll_usb.c.obj
                0x08006592                USB_WritePMA
 .text.USB_ReadPMA
                0x0800661e       0x9e cmake/stm32cubemx/CMakeFiles/STM32_Drivers.dir/__/__/Drivers/STM32F1xx_HAL_Driver/Src/stm32f1xx_ll_usb.c.obj
                0x0800661e                USB_ReadPMA
 .text.HAL_Init
                0x080066bc       0x2c cmake/stm32cubemx/CMakeFiles/STM32_Drivers.dir/__/__/Drivers/STM32F1xx_HAL_Driver/Src/stm32f1xx_hal.c.obj
                0x080066bc                HAL_Init
 .text.HAL_InitTick
                0x080066e8       0x60 cmake/stm32cubemx/CMakeFiles/STM32_Drivers.dir/__/__/Drivers/STM32F1xx_HAL_Driver/Src/stm32f1xx_hal.c.obj
                0x080066e8                HAL_InitTick
 .text.HAL_IncTick
                0x08006748       0x24 cmake/stm32cubemx/CMakeFiles/STM32_Drivers.dir/__/__/Drivers/STM32F1xx_HAL_Driver/Src/stm32f1xx_hal.c.obj
                0x08006748                HAL_IncTick
 .text.HAL_GetTick
                0x0800676c       0x14 cmake/stm32cubemx/CMakeFiles/STM32_Drivers.dir/__/__/Drivers/STM32F1xx_HAL_Driver/Src/stm32f1xx_hal.c.obj
                0x0800676c                HAL_GetTick
 .text.HAL_Delay
                0x08006780       0x48 cmake/stm32cubemx/CMakeFiles/STM32_Drivers.dir/__/__/Drivers/STM32F1xx_HAL_Driver/Src/stm32f1xx_hal.c.obj
                0x08006780                HAL_Delay
 .text.HAL_RCC_OscConfig
                0x080067c8      0x504 cmake/stm32cubemx/CMakeFiles/STM32_Drivers.dir/__/__/Drivers/STM32F1xx_HAL_Driver/Src/stm32f1xx_hal_rcc.c.obj
                0x080067c8                HAL_RCC_OscConfig
 .text.HAL_RCC_ClockConfig
                0x08006ccc      0x1d4 cmake/stm32cubemx/CMakeFiles/STM32_Drivers.dir/__/__/Drivers/STM32F1xx_HAL_Driver/Src/stm32f1xx_hal_rcc.c.obj
                0x08006ccc                HAL_RCC_ClockConfig
 .text.HAL_RCC_GetSysClockFreq
                0x08006ea0       0xa8 cmake/stm32cubemx/CMakeFiles/STM32_Drivers.dir/__/__/Drivers/STM32F1xx_HAL_Driver/Src/stm32f1xx_hal_rcc.c.obj
                0x08006ea0                HAL_RCC_GetSysClockFreq
 .text.HAL_RCC_GetHCLKFreq
                0x08006f48       0x14 cmake/stm32cubemx/CMakeFiles/STM32_Drivers.dir/__/__/Drivers/STM32F1xx_HAL_Driver/Src/stm32f1xx_hal_rcc.c.obj
                0x08006f48                HAL_RCC_GetHCLKFreq
 .text.HAL_RCC_GetPCLK1Freq
                0x08006f5c       0x28 cmake/stm32cubemx/CMakeFiles/STM32_Drivers.dir/__/__/Drivers/STM32F1xx_HAL_Driver/Src/stm32f1xx_hal_rcc.c.obj
                0x08006f5c                HAL_RCC_GetPCLK1Freq
 .text.RCC_Delay
                0x08006f84       0x3c cmake/stm32cubemx/CMakeFiles/STM32_Drivers.dir/__/__/Drivers/STM32F1xx_HAL_Driver/Src/stm32f1xx_hal_rcc.c.obj
 .text.HAL_RCCEx_PeriphCLKConfig
                0x08006fc0      0x16c cmake/stm32cubemx/CMakeFiles/STM32_Drivers.dir/__/__/Drivers/STM32F1xx_HAL_Driver/Src/stm32f1xx_hal_rcc_ex.c.obj
                0x08006fc0                HAL_RCCEx_PeriphCLKConfig
 .text.HAL_GPIO_Init
                0x0800712c      0x308 cmake/stm32cubemx/CMakeFiles/STM32_Drivers.dir/__/__/Drivers/STM32F1xx_HAL_Driver/Src/stm32f1xx_hal_gpio.c.obj
                0x0800712c                HAL_GPIO_Init
 .text.HAL_GPIO_ReadPin
                0x08007434       0x2e cmake/stm32cubemx/CMakeFiles/STM32_Drivers.dir/__/__/Drivers/STM32F1xx_HAL_Driver/Src/stm32f1xx_hal_gpio.c.obj
                0x08007434                HAL_GPIO_ReadPin
 .text.HAL_GPIO_WritePin
                0x08007462       0x30 cmake/stm32cubemx/CMakeFiles/STM32_Drivers.dir/__/__/Drivers/STM32F1xx_HAL_Driver/Src/stm32f1xx_hal_gpio.c.obj
                0x08007462                HAL_GPIO_WritePin
 *fill*         0x08007492        0x2 
 .text.__NVIC_SetPriorityGrouping
                0x08007494       0x48 cmake/stm32cubemx/CMakeFiles/STM32_Drivers.dir/__/__/Drivers/STM32F1xx_HAL_Driver/Src/stm32f1xx_hal_cortex.c.obj
 .text.__NVIC_GetPriorityGrouping
                0x080074dc       0x1c cmake/stm32cubemx/CMakeFiles/STM32_Drivers.dir/__/__/Drivers/STM32F1xx_HAL_Driver/Src/stm32f1xx_hal_cortex.c.obj
 .text.__NVIC_EnableIRQ
                0x080074f8       0x38 cmake/stm32cubemx/CMakeFiles/STM32_Drivers.dir/__/__/Drivers/STM32F1xx_HAL_Driver/Src/stm32f1xx_hal_cortex.c.obj
 .text.__NVIC_SetPriority
                0x08007530       0x54 cmake/stm32cubemx/CMakeFiles/STM32_Drivers.dir/__/__/Drivers/STM32F1xx_HAL_Driver/Src/stm32f1xx_hal_cortex.c.obj
 .text.NVIC_EncodePriority
                0x08007584       0x64 cmake/stm32cubemx/CMakeFiles/STM32_Drivers.dir/__/__/Drivers/STM32F1xx_HAL_Driver/Src/stm32f1xx_hal_cortex.c.obj
 .text.SysTick_Config
                0x080075e8       0x44 cmake/stm32cubemx/CMakeFiles/STM32_Drivers.dir/__/__/Drivers/STM32F1xx_HAL_Driver/Src/stm32f1xx_hal_cortex.c.obj
 .text.HAL_NVIC_SetPriorityGrouping
                0x0800762c       0x16 cmake/stm32cubemx/CMakeFiles/STM32_Drivers.dir/__/__/Drivers/STM32F1xx_HAL_Driver/Src/stm32f1xx_hal_cortex.c.obj
                0x0800762c                HAL_NVIC_SetPriorityGrouping
 .text.HAL_NVIC_SetPriority
                0x08007642       0x38 cmake/stm32cubemx/CMakeFiles/STM32_Drivers.dir/__/__/Drivers/STM32F1xx_HAL_Driver/Src/stm32f1xx_hal_cortex.c.obj
                0x08007642                HAL_NVIC_SetPriority
 .text.HAL_NVIC_EnableIRQ
                0x0800767a       0x1c cmake/stm32cubemx/CMakeFiles/STM32_Drivers.dir/__/__/Drivers/STM32F1xx_HAL_Driver/Src/stm32f1xx_hal_cortex.c.obj
                0x0800767a                HAL_NVIC_EnableIRQ
 .text.HAL_SYSTICK_Config
                0x08007696       0x18 cmake/stm32cubemx/CMakeFiles/STM32_Drivers.dir/__/__/Drivers/STM32F1xx_HAL_Driver/Src/stm32f1xx_hal_cortex.c.obj
                0x08007696                HAL_SYSTICK_Config
 *fill*         0x080076ae        0x2 
 .text.HAL_I2C_Init
                0x080076b0      0x288 cmake/stm32cubemx/CMakeFiles/STM32_Drivers.dir/__/__/Drivers/STM32F1xx_HAL_Driver/Src/stm32f1xx_hal_i2c.c.obj
                0x080076b0                HAL_I2C_Init
 .text.HAL_I2C_Mem_Write
                0x08007938      0x1f4 cmake/stm32cubemx/CMakeFiles/STM32_Drivers.dir/__/__/Drivers/STM32F1xx_HAL_Driver/Src/stm32f1xx_hal_i2c.c.obj
                0x08007938                HAL_I2C_Mem_Write
 .text.HAL_I2C_IsDeviceReady
                0x08007b2c      0x25c cmake/stm32cubemx/CMakeFiles/STM32_Drivers.dir/__/__/Drivers/STM32F1xx_HAL_Driver/Src/stm32f1xx_hal_i2c.c.obj
                0x08007b2c                HAL_I2C_IsDeviceReady
 .text.I2C_RequestMemoryWrite
                0x08007d88      0x12c cmake/stm32cubemx/CMakeFiles/STM32_Drivers.dir/__/__/Drivers/STM32F1xx_HAL_Driver/Src/stm32f1xx_hal_i2c.c.obj
 .text.I2C_WaitOnFlagUntilTimeout
                0x08007eb4       0xf4 cmake/stm32cubemx/CMakeFiles/STM32_Drivers.dir/__/__/Drivers/STM32F1xx_HAL_Driver/Src/stm32f1xx_hal_i2c.c.obj
 .text.I2C_WaitOnMasterAddressFlagUntilTimeout
                0x08007fa8      0x140 cmake/stm32cubemx/CMakeFiles/STM32_Drivers.dir/__/__/Drivers/STM32F1xx_HAL_Driver/Src/stm32f1xx_hal_i2c.c.obj
 .text.I2C_WaitOnTXEFlagUntilTimeout
                0x080080e8       0x90 cmake/stm32cubemx/CMakeFiles/STM32_Drivers.dir/__/__/Drivers/STM32F1xx_HAL_Driver/Src/stm32f1xx_hal_i2c.c.obj
 .text.I2C_WaitOnBTFFlagUntilTimeout
                0x08008178       0x90 cmake/stm32cubemx/CMakeFiles/STM32_Drivers.dir/__/__/Drivers/STM32F1xx_HAL_Driver/Src/stm32f1xx_hal_i2c.c.obj
 .text.I2C_IsAcknowledgeFailed
                0x08008208       0x5c cmake/stm32cubemx/CMakeFiles/STM32_Drivers.dir/__/__/Drivers/STM32F1xx_HAL_Driver/Src/stm32f1xx_hal_i2c.c.obj
 .text.HAL_TIM_PWM_Init
                0x08008264       0x9e cmake/stm32cubemx/CMakeFiles/STM32_Drivers.dir/__/__/Drivers/STM32F1xx_HAL_Driver/Src/stm32f1xx_hal_tim.c.obj
                0x08008264                HAL_TIM_PWM_Init
 *fill*         0x08008302        0x2 
 .text.HAL_TIM_PWM_Start
                0x08008304      0x144 cmake/stm32cubemx/CMakeFiles/STM32_Drivers.dir/__/__/Drivers/STM32F1xx_HAL_Driver/Src/stm32f1xx_hal_tim.c.obj
                0x08008304                HAL_TIM_PWM_Start
 .text.HAL_TIM_Encoder_Init
                0x08008448      0x144 cmake/stm32cubemx/CMakeFiles/STM32_Drivers.dir/__/__/Drivers/STM32F1xx_HAL_Driver/Src/stm32f1xx_hal_tim.c.obj
                0x08008448                HAL_TIM_Encoder_Init
 .text.HAL_TIM_PWM_ConfigChannel
                0x0800858c      0x184 cmake/stm32cubemx/CMakeFiles/STM32_Drivers.dir/__/__/Drivers/STM32F1xx_HAL_Driver/Src/stm32f1xx_hal_tim.c.obj
                0x0800858c                HAL_TIM_PWM_ConfigChannel
 .text.TIM_Base_SetConfig
                0x08008710       0xdc cmake/stm32cubemx/CMakeFiles/STM32_Drivers.dir/__/__/Drivers/STM32F1xx_HAL_Driver/Src/stm32f1xx_hal_tim.c.obj
                0x08008710                TIM_Base_SetConfig
 .text.TIM_OC1_SetConfig
                0x080087ec       0xcc cmake/stm32cubemx/CMakeFiles/STM32_Drivers.dir/__/__/Drivers/STM32F1xx_HAL_Driver/Src/stm32f1xx_hal_tim.c.obj
 .text.TIM_OC2_SetConfig
                0x080088b8       0xd4 cmake/stm32cubemx/CMakeFiles/STM32_Drivers.dir/__/__/Drivers/STM32F1xx_HAL_Driver/Src/stm32f1xx_hal_tim.c.obj
                0x080088b8                TIM_OC2_SetConfig
 .text.TIM_OC3_SetConfig
                0x0800898c       0xd4 cmake/stm32cubemx/CMakeFiles/STM32_Drivers.dir/__/__/Drivers/STM32F1xx_HAL_Driver/Src/stm32f1xx_hal_tim.c.obj
 .text.TIM_OC4_SetConfig
                0x08008a60       0x9c cmake/stm32cubemx/CMakeFiles/STM32_Drivers.dir/__/__/Drivers/STM32F1xx_HAL_Driver/Src/stm32f1xx_hal_tim.c.obj
 .text.TIM_CCxChannelCmd
                0x08008afc       0x48 cmake/stm32cubemx/CMakeFiles/STM32_Drivers.dir/__/__/Drivers/STM32F1xx_HAL_Driver/Src/stm32f1xx_hal_tim.c.obj
                0x08008afc                TIM_CCxChannelCmd
 .text.HAL_TIMEx_MasterConfigSynchronization
                0x08008b44       0xbc cmake/stm32cubemx/CMakeFiles/STM32_Drivers.dir/__/__/Drivers/STM32F1xx_HAL_Driver/Src/stm32f1xx_hal_tim_ex.c.obj
                0x08008b44                HAL_TIMEx_MasterConfigSynchronization
 .text.USBD_Init
                0x08008c00       0x56 cmake/stm32cubemx/CMakeFiles/USB_Device_Library.dir/__/__/Middlewares/ST/STM32_USB_Device_Library/Core/Src/usbd_core.c.obj
                0x08008c00                USBD_Init
 .text.USBD_RegisterClass
                0x08008c56       0x32 cmake/stm32cubemx/CMakeFiles/USB_Device_Library.dir/__/__/Middlewares/ST/STM32_USB_Device_Library/Core/Src/usbd_core.c.obj
                0x08008c56                USBD_RegisterClass
 .text.USBD_Start
                0x08008c88       0x18 cmake/stm32cubemx/CMakeFiles/USB_Device_Library.dir/__/__/Middlewares/ST/STM32_USB_Device_Library/Core/Src/usbd_core.c.obj
                0x08008c88                USBD_Start
 .text.USBD_RunTestMode
                0x08008ca0       0x14 cmake/stm32cubemx/CMakeFiles/USB_Device_Library.dir/__/__/Middlewares/ST/STM32_USB_Device_Library/Core/Src/usbd_core.c.obj
                0x08008ca0                USBD_RunTestMode
 .text.USBD_SetClassConfig
                0x08008cb4       0x3e cmake/stm32cubemx/CMakeFiles/USB_Device_Library.dir/__/__/Middlewares/ST/STM32_USB_Device_Library/Core/Src/usbd_core.c.obj
                0x08008cb4                USBD_SetClassConfig
 .text.USBD_ClrClassConfig
                0x08008cf2       0x26 cmake/stm32cubemx/CMakeFiles/USB_Device_Library.dir/__/__/Middlewares/ST/STM32_USB_Device_Library/Core/Src/usbd_core.c.obj
                0x08008cf2                USBD_ClrClassConfig
 .text.USBD_LL_SetupStage
                0x08008d18       0x9a cmake/stm32cubemx/CMakeFiles/USB_Device_Library.dir/__/__/Middlewares/ST/STM32_USB_Device_Library/Core/Src/usbd_core.c.obj
                0x08008d18                USBD_LL_SetupStage
 .text.USBD_LL_DataOutStage
                0x08008db2       0xe2 cmake/stm32cubemx/CMakeFiles/USB_Device_Library.dir/__/__/Middlewares/ST/STM32_USB_Device_Library/Core/Src/usbd_core.c.obj
                0x08008db2                USBD_LL_DataOutStage
 .text.USBD_LL_DataInStage
                0x08008e94      0x14a cmake/stm32cubemx/CMakeFiles/USB_Device_Library.dir/__/__/Middlewares/ST/STM32_USB_Device_Library/Core/Src/usbd_core.c.obj
                0x08008e94                USBD_LL_DataInStage
 .text.USBD_LL_Reset
                0x08008fde       0x82 cmake/stm32cubemx/CMakeFiles/USB_Device_Library.dir/__/__/Middlewares/ST/STM32_USB_Device_Library/Core/Src/usbd_core.c.obj
                0x08008fde                USBD_LL_Reset
 .text.USBD_LL_SetSpeed
                0x08009060       0x1e cmake/stm32cubemx/CMakeFiles/USB_Device_Library.dir/__/__/Middlewares/ST/STM32_USB_Device_Library/Core/Src/usbd_core.c.obj
                0x08009060                USBD_LL_SetSpeed
 .text.USBD_LL_Suspend
                0x0800907e       0x28 cmake/stm32cubemx/CMakeFiles/USB_Device_Library.dir/__/__/Middlewares/ST/STM32_USB_Device_Library/Core/Src/usbd_core.c.obj
                0x0800907e                USBD_LL_Suspend
 .text.USBD_LL_Resume
                0x080090a6       0x2a cmake/stm32cubemx/CMakeFiles/USB_Device_Library.dir/__/__/Middlewares/ST/STM32_USB_Device_Library/Core/Src/usbd_core.c.obj
                0x080090a6                USBD_LL_Resume
 .text.USBD_LL_SOF
                0x080090d0       0x34 cmake/stm32cubemx/CMakeFiles/USB_Device_Library.dir/__/__/Middlewares/ST/STM32_USB_Device_Library/Core/Src/usbd_core.c.obj
                0x080090d0                USBD_LL_SOF
 .text.USBD_StdDevReq
                0x08009104       0xd4 cmake/stm32cubemx/CMakeFiles/USB_Device_Library.dir/__/__/Middlewares/ST/STM32_USB_Device_Library/Core/Src/usbd_ctlreq.c.obj
                0x08009104                USBD_StdDevReq
 .text.USBD_StdItfReq
                0x080091d8       0x90 cmake/stm32cubemx/CMakeFiles/USB_Device_Library.dir/__/__/Middlewares/ST/STM32_USB_Device_Library/Core/Src/usbd_ctlreq.c.obj
                0x080091d8                USBD_StdItfReq
 .text.USBD_StdEPReq
                0x08009268      0x2c6 cmake/stm32cubemx/CMakeFiles/USB_Device_Library.dir/__/__/Middlewares/ST/STM32_USB_Device_Library/Core/Src/usbd_ctlreq.c.obj
                0x08009268                USBD_StdEPReq
 *fill*         0x0800952e        0x2 
 .text.USBD_GetDescriptor
                0x08009530      0x2d0 cmake/stm32cubemx/CMakeFiles/USB_Device_Library.dir/__/__/Middlewares/ST/STM32_USB_Device_Library/Core/Src/usbd_ctlreq.c.obj
 .text.USBD_SetAddress
                0x08009800       0x86 cmake/stm32cubemx/CMakeFiles/USB_Device_Library.dir/__/__/Middlewares/ST/STM32_USB_Device_Library/Core/Src/usbd_ctlreq.c.obj
 *fill*         0x08009886        0x2 
 .text.USBD_SetConfig
                0x08009888      0x11c cmake/stm32cubemx/CMakeFiles/USB_Device_Library.dir/__/__/Middlewares/ST/STM32_USB_Device_Library/Core/Src/usbd_ctlreq.c.obj
 .text.USBD_GetConfig
                0x080099a4       0x6a cmake/stm32cubemx/CMakeFiles/USB_Device_Library.dir/__/__/Middlewares/ST/STM32_USB_Device_Library/Core/Src/usbd_ctlreq.c.obj
 .text.USBD_GetStatus
                0x08009a0e       0x66 cmake/stm32cubemx/CMakeFiles/USB_Device_Library.dir/__/__/Middlewares/ST/STM32_USB_Device_Library/Core/Src/usbd_ctlreq.c.obj
 .text.USBD_SetFeature
                0x08009a74       0x28 cmake/stm32cubemx/CMakeFiles/USB_Device_Library.dir/__/__/Middlewares/ST/STM32_USB_Device_Library/Core/Src/usbd_ctlreq.c.obj
 .text.USBD_ClrFeature
                0x08009a9c       0x42 cmake/stm32cubemx/CMakeFiles/USB_Device_Library.dir/__/__/Middlewares/ST/STM32_USB_Device_Library/Core/Src/usbd_ctlreq.c.obj
 .text.USBD_ParseSetupRequest
                0x08009ade       0x72 cmake/stm32cubemx/CMakeFiles/USB_Device_Library.dir/__/__/Middlewares/ST/STM32_USB_Device_Library/Core/Src/usbd_ctlreq.c.obj
                0x08009ade                USBD_ParseSetupRequest
 .text.USBD_CtlError
                0x08009b50       0x22 cmake/stm32cubemx/CMakeFiles/USB_Device_Library.dir/__/__/Middlewares/ST/STM32_USB_Device_Library/Core/Src/usbd_ctlreq.c.obj
                0x08009b50                USBD_CtlError
 .text.USBD_GetString
                0x08009b72       0x84 cmake/stm32cubemx/CMakeFiles/USB_Device_Library.dir/__/__/Middlewares/ST/STM32_USB_Device_Library/Core/Src/usbd_ctlreq.c.obj
                0x08009b72                USBD_GetString
 .text.USBD_GetLen
                0x08009bf6       0x2e cmake/stm32cubemx/CMakeFiles/USB_Device_Library.dir/__/__/Middlewares/ST/STM32_USB_Device_Library/Core/Src/usbd_ctlreq.c.obj
 .text.USBD_CtlSendData
                0x08009c24       0x38 cmake/stm32cubemx/CMakeFiles/USB_Device_Library.dir/__/__/Middlewares/ST/STM32_USB_Device_Library/Core/Src/usbd_ioreq.c.obj
                0x08009c24                USBD_CtlSendData
 .text.USBD_CtlContinueSendData
                0x08009c5c       0x24 cmake/stm32cubemx/CMakeFiles/USB_Device_Library.dir/__/__/Middlewares/ST/STM32_USB_Device_Library/Core/Src/usbd_ioreq.c.obj
                0x08009c5c                USBD_CtlContinueSendData
 .text.USBD_CtlPrepareRx
                0x08009c80       0x3c cmake/stm32cubemx/CMakeFiles/USB_Device_Library.dir/__/__/Middlewares/ST/STM32_USB_Device_Library/Core/Src/usbd_ioreq.c.obj
                0x08009c80                USBD_CtlPrepareRx
 .text.USBD_CtlContinueRx
                0x08009cbc       0x24 cmake/stm32cubemx/CMakeFiles/USB_Device_Library.dir/__/__/Middlewares/ST/STM32_USB_Device_Library/Core/Src/usbd_ioreq.c.obj
                0x08009cbc                USBD_CtlContinueRx
 .text.USBD_CtlSendStatus
                0x08009ce0       0x26 cmake/stm32cubemx/CMakeFiles/USB_Device_Library.dir/__/__/Middlewares/ST/STM32_USB_Device_Library/Core/Src/usbd_ioreq.c.obj
                0x08009ce0                USBD_CtlSendStatus
 .text.USBD_CtlReceiveStatus
                0x08009d06       0x26 cmake/stm32cubemx/CMakeFiles/USB_Device_Library.dir/__/__/Middlewares/ST/STM32_USB_Device_Library/Core/Src/usbd_ioreq.c.obj
                0x08009d06                USBD_CtlReceiveStatus
 .text.USBD_CDC_Init
                0x08009d2c       0xf4 cmake/stm32cubemx/CMakeFiles/USB_Device_Library.dir/__/__/Middlewares/ST/STM32_USB_Device_Library/Class/CDC/Src/usbd_cdc.c.obj
 .text.USBD_CDC_DeInit
                0x08009e20       0x6e cmake/stm32cubemx/CMakeFiles/USB_Device_Library.dir/__/__/Middlewares/ST/STM32_USB_Device_Library/Class/CDC/Src/usbd_cdc.c.obj
 .text.USBD_CDC_Setup
                0x08009e8e      0x146 cmake/stm32cubemx/CMakeFiles/USB_Device_Library.dir/__/__/Middlewares/ST/STM32_USB_Device_Library/Class/CDC/Src/usbd_cdc.c.obj
 .text.USBD_CDC_DataIn
                0x08009fd4       0xa6 cmake/stm32cubemx/CMakeFiles/USB_Device_Library.dir/__/__/Middlewares/ST/STM32_USB_Device_Library/Class/CDC/Src/usbd_cdc.c.obj
 .text.USBD_CDC_DataOut
                0x0800a07a       0x56 cmake/stm32cubemx/CMakeFiles/USB_Device_Library.dir/__/__/Middlewares/ST/STM32_USB_Device_Library/Class/CDC/Src/usbd_cdc.c.obj
 .text.USBD_CDC_EP0_RxReady
                0x0800a0d0       0x4e cmake/stm32cubemx/CMakeFiles/USB_Device_Library.dir/__/__/Middlewares/ST/STM32_USB_Device_Library/Class/CDC/Src/usbd_cdc.c.obj
 *fill*         0x0800a11e        0x2 
 .text.USBD_CDC_GetFSCfgDesc
                0x0800a120       0x20 cmake/stm32cubemx/CMakeFiles/USB_Device_Library.dir/__/__/Middlewares/ST/STM32_USB_Device_Library/Class/CDC/Src/usbd_cdc.c.obj
 .text.USBD_CDC_GetHSCfgDesc
                0x0800a140       0x20 cmake/stm32cubemx/CMakeFiles/USB_Device_Library.dir/__/__/Middlewares/ST/STM32_USB_Device_Library/Class/CDC/Src/usbd_cdc.c.obj
 .text.USBD_CDC_GetOtherSpeedCfgDesc
                0x0800a160       0x20 cmake/stm32cubemx/CMakeFiles/USB_Device_Library.dir/__/__/Middlewares/ST/STM32_USB_Device_Library/Class/CDC/Src/usbd_cdc.c.obj
 .text.USBD_CDC_GetDeviceQualifierDescriptor
                0x0800a180       0x20 cmake/stm32cubemx/CMakeFiles/USB_Device_Library.dir/__/__/Middlewares/ST/STM32_USB_Device_Library/Class/CDC/Src/usbd_cdc.c.obj
                0x0800a180                USBD_CDC_GetDeviceQualifierDescriptor
 .text.USBD_CDC_RegisterInterface
                0x0800a1a0       0x2c cmake/stm32cubemx/CMakeFiles/USB_Device_Library.dir/__/__/Middlewares/ST/STM32_USB_Device_Library/Class/CDC/Src/usbd_cdc.c.obj
                0x0800a1a0                USBD_CDC_RegisterInterface
 .text.USBD_CDC_SetTxBuffer
                0x0800a1cc       0x32 cmake/stm32cubemx/CMakeFiles/USB_Device_Library.dir/__/__/Middlewares/ST/STM32_USB_Device_Library/Class/CDC/Src/usbd_cdc.c.obj
                0x0800a1cc                USBD_CDC_SetTxBuffer
 .text.USBD_CDC_SetRxBuffer
                0x0800a1fe       0x26 cmake/stm32cubemx/CMakeFiles/USB_Device_Library.dir/__/__/Middlewares/ST/STM32_USB_Device_Library/Class/CDC/Src/usbd_cdc.c.obj
                0x0800a1fe                USBD_CDC_SetRxBuffer
 .text.USBD_CDC_ReceivePacket
                0x0800a224       0x54 cmake/stm32cubemx/CMakeFiles/USB_Device_Library.dir/__/__/Middlewares/ST/STM32_USB_Device_Library/Class/CDC/Src/usbd_cdc.c.obj
                0x0800a224                USBD_CDC_ReceivePacket
 .text.sinf     0x0800a278       0x6c /nix/store/lyw5x085828mzih76llii47bnn7da5f8-gcc-arm-embedded-14.2.rel1/bin/../lib/gcc/arm-none-eabi/14.2.1/../../../../arm-none-eabi/lib/thumb/v7-m/nofp/libm.a(libm_a-sf_sin.o)
                0x0800a278                sinf
 .text.__kernel_cosf
                0x0800a2e4      0x190 /nix/store/lyw5x085828mzih76llii47bnn7da5f8-gcc-arm-embedded-14.2.rel1/bin/../lib/gcc/arm-none-eabi/14.2.1/../../../../arm-none-eabi/lib/thumb/v7-m/nofp/libm.a(libm_a-kf_cos.o)
                0x0800a2e4                __kernel_cosf
 .text.__kernel_sinf
                0x0800a474       0xec /nix/store/lyw5x085828mzih76llii47bnn7da5f8-gcc-arm-embedded-14.2.rel1/bin/../lib/gcc/arm-none-eabi/14.2.1/../../../../arm-none-eabi/lib/thumb/v7-m/nofp/libm.a(libm_a-kf_sin.o)
                0x0800a474                __kernel_sinf
 .text.__ieee754_rem_pio2f
                0x0800a560      0x2dc /nix/store/lyw5x085828mzih76llii47bnn7da5f8-gcc-arm-embedded-14.2.rel1/bin/../lib/gcc/arm-none-eabi/14.2.1/../../../../arm-none-eabi/lib/thumb/v7-m/nofp/libm.a(libm_a-ef_rem_pio2.o)
                0x0800a560                __ieee754_rem_pio2f
 .text.fabsf    0x0800a83c        0x8 /nix/store/lyw5x085828mzih76llii47bnn7da5f8-gcc-arm-embedded-14.2.rel1/bin/../lib/gcc/arm-none-eabi/14.2.1/../../../../arm-none-eabi/lib/thumb/v7-m/nofp/libm.a(libm_a-sf_fabs.o)
                0x0800a83c                fabsf
 .text.__kernel_rem_pio2f
                0x0800a844      0x774 /nix/store/lyw5x085828mzih76llii47bnn7da5f8-gcc-arm-embedded-14.2.rel1/bin/../lib/gcc/arm-none-eabi/14.2.1/../../../../arm-none-eabi/lib/thumb/v7-m/nofp/libm.a(libm_a-kf_rem_pio2.o)
                0x0800a844                __kernel_rem_pio2f
 .text.scalbnf  0x0800afb8       0xb0 /nix/store/lyw5x085828mzih76llii47bnn7da5f8-gcc-arm-embedded-14.2.rel1/bin/../lib/gcc/arm-none-eabi/14.2.1/../../../../arm-none-eabi/lib/thumb/v7-m/nofp/libm.a(libm_a-sf_scalbn.o)
                0x0800afb8                scalbnf
 .text.floorf   0x0800b068       0x8c /nix/store/lyw5x085828mzih76llii47bnn7da5f8-gcc-arm-embedded-14.2.rel1/bin/../lib/gcc/arm-none-eabi/14.2.1/../../../../arm-none-eabi/lib/thumb/v7-m/nofp/libm.a(libm_a-sf_floor.o)
                0x0800b068                floorf
 *(.glue_7)
 .glue_7        0x0800b0f4        0x0 linker stubs
 *(.glue_7t)
 .glue_7t       0x0800b0f4        0x0 linker stubs
 *(.eh_frame)
 .eh_frame      0x0800b0f4        0x0 /nix/store/lyw5x085828mzih76llii47bnn7da5f8-gcc-arm-embedded-14.2.rel1/bin/../lib/gcc/arm-none-eabi/14.2.1/thumb/v7-m/nofp/crtbegin.o
 *(.init)
 .init          0x0800b0f4        0x4 /nix/store/lyw5x085828mzih76llii47bnn7da5f8-gcc-arm-embedded-14.2.rel1/bin/../lib/gcc/arm-none-eabi/14.2.1/thumb/v7-m/nofp/crti.o
                0x0800b0f4                _init
 .init          0x0800b0f8        0x8 /nix/store/lyw5x085828mzih76llii47bnn7da5f8-gcc-arm-embedded-14.2.rel1/bin/../lib/gcc/arm-none-eabi/14.2.1/thumb/v7-m/nofp/crtn.o
 *(.fini)
 .fini          0x0800b100        0x4 /nix/store/lyw5x085828mzih76llii47bnn7da5f8-gcc-arm-embedded-14.2.rel1/bin/../lib/gcc/arm-none-eabi/14.2.1/thumb/v7-m/nofp/crti.o
                0x0800b100                _fini
 .fini          0x0800b104        0x8 /nix/store/lyw5x085828mzih76llii47bnn7da5f8-gcc-arm-embedded-14.2.rel1/bin/../lib/gcc/arm-none-eabi/14.2.1/thumb/v7-m/nofp/crtn.o
                0x0800b10c                        . = ALIGN (0x4)
                0x0800b10c                        _etext = .

.vfp11_veneer   0x0800b10c        0x0
 .vfp11_veneer  0x0800b10c        0x0 linker stubs

.v4_bx          0x0800b10c        0x0
 .v4_bx         0x0800b10c        0x0 linker stubs

.iplt           0x0800b10c        0x0
 .iplt          0x0800b10c        0x0 /nix/store/lyw5x085828mzih76llii47bnn7da5f8-gcc-arm-embedded-14.2.rel1/bin/../lib/gcc/arm-none-eabi/14.2.1/thumb/v7-m/nofp/crtbegin.o

.rodata         0x0800b10c      0x818
                0x0800b10c                        . = ALIGN (0x4)
 *(.rodata)
 .rodata        0x0800b10c       0x46 CMakeFiles/LED_Blink.dir/USB_DEVICE/App/usbd_desc.c.obj
 *fill*         0x0800b152        0x2 
 .rodata        0x0800b154       0x8f CMakeFiles/LED_Blink.dir/Core/Src/main.c.obj
 *fill*         0x0800b1e3        0x1 
 .rodata        0x0800b1e4        0x5 CMakeFiles/LED_Blink.dir/Core/Src/chinese_font_16x16.c.obj
 *(.rodata*)
 *fill*         0x0800b1e9        0x3 
 .rodata.ChineseFont16x16
                0x0800b1ec       0xa0 CMakeFiles/LED_Blink.dir/Core/Src/chinese_font_16x16.c.obj
                0x0800b1ec                ChineseFont16x16
 .rodata.Font5x7_Vertical
                0x0800b28c      0x299 CMakeFiles/LED_Blink.dir/Core/Src/ssd1306_fonts_vertical.c.obj
                0x0800b28c                Font5x7_Vertical
 *fill*         0x0800b525        0x3 
 .rodata.AHBPrescTable
                0x0800b528       0x10 cmake/stm32cubemx/CMakeFiles/STM32_Drivers.dir/__/__/Core/Src/system_stm32f1xx.c.obj
                0x0800b528                AHBPrescTable
 .rodata.APBPrescTable
                0x0800b538        0x8 cmake/stm32cubemx/CMakeFiles/STM32_Drivers.dir/__/__/Core/Src/system_stm32f1xx.c.obj
                0x0800b538                APBPrescTable
 .rodata.aPLLMULFactorTable.1
                0x0800b540       0x10 cmake/stm32cubemx/CMakeFiles/STM32_Drivers.dir/__/__/Drivers/STM32F1xx_HAL_Driver/Src/stm32f1xx_hal_rcc.c.obj
 .rodata.aPredivFactorTable.0
                0x0800b550        0x2 cmake/stm32cubemx/CMakeFiles/STM32_Drivers.dir/__/__/Drivers/STM32F1xx_HAL_Driver/Src/stm32f1xx_hal_rcc.c.obj
 *fill*         0x0800b552        0x2 
 .rodata.npio2_hw
                0x0800b554       0x80 /nix/store/lyw5x085828mzih76llii47bnn7da5f8-gcc-arm-embedded-14.2.rel1/bin/../lib/gcc/arm-none-eabi/14.2.1/../../../../arm-none-eabi/lib/thumb/v7-m/nofp/libm.a(libm_a-ef_rem_pio2.o)
 .rodata.two_over_pi
                0x0800b5d4      0x318 /nix/store/lyw5x085828mzih76llii47bnn7da5f8-gcc-arm-embedded-14.2.rel1/bin/../lib/gcc/arm-none-eabi/14.2.1/../../../../arm-none-eabi/lib/thumb/v7-m/nofp/libm.a(libm_a-ef_rem_pio2.o)
 .rodata.PIo2   0x0800b8ec       0x2c /nix/store/lyw5x085828mzih76llii47bnn7da5f8-gcc-arm-embedded-14.2.rel1/bin/../lib/gcc/arm-none-eabi/14.2.1/../../../../arm-none-eabi/lib/thumb/v7-m/nofp/libm.a(libm_a-kf_rem_pio2.o)
 .rodata.init_jk
                0x0800b918        0xc /nix/store/lyw5x085828mzih76llii47bnn7da5f8-gcc-arm-embedded-14.2.rel1/bin/../lib/gcc/arm-none-eabi/14.2.1/../../../../arm-none-eabi/lib/thumb/v7-m/nofp/libm.a(libm_a-kf_rem_pio2.o)
                0x0800b924                        . = ALIGN (0x4)

.ARM.extab      0x0800b924        0x0
                0x0800b924                        . = ALIGN (0x4)
 *(.ARM.extab* .gnu.linkonce.armextab.*)
                0x0800b924                        . = ALIGN (0x4)

.ARM            0x0800b924        0x0
                0x0800b924                        . = ALIGN (0x4)
                0x0800b924                        __exidx_start = .
 *(.ARM.exidx*)
                0x0800b924                        __exidx_end = .
                0x0800b924                        . = ALIGN (0x4)

.preinit_array  0x0800b924        0x0
                0x0800b924                        . = ALIGN (0x4)
                0x0800b924                        PROVIDE (__preinit_array_start = .)
 *(.preinit_array*)
                0x0800b924                        PROVIDE (__preinit_array_end = .)
                0x0800b924                        . = ALIGN (0x4)

.init_array     0x0800b924        0x4
                0x0800b924                        . = ALIGN (0x4)
                0x0800b924                        PROVIDE (__init_array_start = .)
 *(SORT_BY_NAME(.init_array.*))
 *(.init_array*)
 .init_array    0x0800b924        0x4 /nix/store/lyw5x085828mzih76llii47bnn7da5f8-gcc-arm-embedded-14.2.rel1/bin/../lib/gcc/arm-none-eabi/14.2.1/thumb/v7-m/nofp/crtbegin.o
                0x0800b928                        PROVIDE (__init_array_end = .)
                0x0800b928                        . = ALIGN (0x4)

.fini_array     0x0800b928        0x4
                0x0800b928                        . = ALIGN (0x4)
                [!provide]                        PROVIDE (__fini_array_start = .)
 *(SORT_BY_NAME(.fini_array.*))
 *(.fini_array*)
 .fini_array    0x0800b928        0x4 /nix/store/lyw5x085828mzih76llii47bnn7da5f8-gcc-arm-embedded-14.2.rel1/bin/../lib/gcc/arm-none-eabi/14.2.1/thumb/v7-m/nofp/crtbegin.o
                [!provide]                        PROVIDE (__fini_array_end = .)
                0x0800b92c                        . = ALIGN (0x4)
                0x0800b92c                        _sidata = LOADADDR (.data)

.rel.dyn        0x0800b92c        0x0
 .rel.iplt      0x0800b92c        0x0 /nix/store/lyw5x085828mzih76llii47bnn7da5f8-gcc-arm-embedded-14.2.rel1/bin/../lib/gcc/arm-none-eabi/14.2.1/thumb/v7-m/nofp/crtbegin.o

.data           0x20000000      0x184 load address 0x0800b92c
                0x20000000                        . = ALIGN (0x4)
                0x20000000                        _sdata = .
 *(.data)
 *(.data*)
 .data.FS_Desc  0x20000000       0x1c CMakeFiles/LED_Blink.dir/USB_DEVICE/App/usbd_desc.c.obj
                0x20000000                FS_Desc
 .data.USBD_FS_DeviceDesc
                0x2000001c       0x12 CMakeFiles/LED_Blink.dir/USB_DEVICE/App/usbd_desc.c.obj
                0x2000001c                USBD_FS_DeviceDesc
 *fill*         0x2000002e        0x2 
 .data.USBD_LangIDDesc
                0x20000030        0x4 CMakeFiles/LED_Blink.dir/USB_DEVICE/App/usbd_desc.c.obj
                0x20000030                USBD_LangIDDesc
 .data.USBD_StringSerial
                0x20000034       0x1a CMakeFiles/LED_Blink.dir/USB_DEVICE/App/usbd_desc.c.obj
                0x20000034                USBD_StringSerial
 *fill*         0x2000004e        0x2 
 .data.USBD_Interface_fops_FS
                0x20000050       0x10 CMakeFiles/LED_Blink.dir/USB_DEVICE/App/usbd_cdc_if.c.obj
                0x20000050                USBD_Interface_fops_FS
 .data.Font_5x7
                0x20000060        0x8 CMakeFiles/LED_Blink.dir/Core/Src/ssd1306_fonts_vertical.c.obj
                0x20000060                Font_5x7
 .data.SystemCoreClock
                0x20000068        0x4 cmake/stm32cubemx/CMakeFiles/STM32_Drivers.dir/__/__/Core/Src/system_stm32f1xx.c.obj
                0x20000068                SystemCoreClock
 .data.uwTickPrio
                0x2000006c        0x4 cmake/stm32cubemx/CMakeFiles/STM32_Drivers.dir/__/__/Drivers/STM32F1xx_HAL_Driver/Src/stm32f1xx_hal.c.obj
                0x2000006c                uwTickPrio
 .data.uwTickFreq
                0x20000070        0x1 cmake/stm32cubemx/CMakeFiles/STM32_Drivers.dir/__/__/Drivers/STM32F1xx_HAL_Driver/Src/stm32f1xx_hal.c.obj
                0x20000070                uwTickFreq
 *fill*         0x20000071        0x3 
 .data.USBD_CDC_DeviceQualifierDesc
                0x20000074        0xa cmake/stm32cubemx/CMakeFiles/USB_Device_Library.dir/__/__/Middlewares/ST/STM32_USB_Device_Library/Class/CDC/Src/usbd_cdc.c.obj
 *fill*         0x2000007e        0x2 
 .data.USBD_CDC
                0x20000080       0x38 cmake/stm32cubemx/CMakeFiles/USB_Device_Library.dir/__/__/Middlewares/ST/STM32_USB_Device_Library/Class/CDC/Src/usbd_cdc.c.obj
                0x20000080                USBD_CDC
 .data.USBD_CDC_CfgHSDesc
                0x200000b8       0x43 cmake/stm32cubemx/CMakeFiles/USB_Device_Library.dir/__/__/Middlewares/ST/STM32_USB_Device_Library/Class/CDC/Src/usbd_cdc.c.obj
                0x200000b8                USBD_CDC_CfgHSDesc
 *fill*         0x200000fb        0x1 
 .data.USBD_CDC_CfgFSDesc
                0x200000fc       0x43 cmake/stm32cubemx/CMakeFiles/USB_Device_Library.dir/__/__/Middlewares/ST/STM32_USB_Device_Library/Class/CDC/Src/usbd_cdc.c.obj
                0x200000fc                USBD_CDC_CfgFSDesc
 *fill*         0x2000013f        0x1 
 .data.USBD_CDC_OtherSpeedCfgDesc
                0x20000140       0x43 cmake/stm32cubemx/CMakeFiles/USB_Device_Library.dir/__/__/Middlewares/ST/STM32_USB_Device_Library/Class/CDC/Src/usbd_cdc.c.obj
                0x20000140                USBD_CDC_OtherSpeedCfgDesc
 *(.RamFunc)
 *(.RamFunc*)
                0x20000184                        . = ALIGN (0x4)
 *fill*         0x20000183        0x1 
                0x20000184                        _edata = .

.tm_clone_table
                0x20000184        0x0 load address 0x0800bab0
 .tm_clone_table
                0x20000184        0x0 /nix/store/lyw5x085828mzih76llii47bnn7da5f8-gcc-arm-embedded-14.2.rel1/bin/../lib/gcc/arm-none-eabi/14.2.1/thumb/v7-m/nofp/crtbegin.o
 .tm_clone_table
                0x20000184        0x0 /nix/store/lyw5x085828mzih76llii47bnn7da5f8-gcc-arm-embedded-14.2.rel1/bin/../lib/gcc/arm-none-eabi/14.2.1/thumb/v7-m/nofp/crtend.o

.igot.plt       0x20000184        0x0 load address 0x0800bab0
 .igot.plt      0x20000184        0x0 /nix/store/lyw5x085828mzih76llii47bnn7da5f8-gcc-arm-embedded-14.2.rel1/bin/../lib/gcc/arm-none-eabi/14.2.1/thumb/v7-m/nofp/crtbegin.o
                0x20000184                        . = ALIGN (0x4)

.bss            0x20000184     0x16e4 load address 0x0800bab0
                0x20000184                        _sbss = .
                0x20000184                        __bss_start__ = _sbss
 *(.bss)
 *(.bss*)
 .bss.completed.1
                0x20000184        0x1 /nix/store/lyw5x085828mzih76llii47bnn7da5f8-gcc-arm-embedded-14.2.rel1/bin/../lib/gcc/arm-none-eabi/14.2.1/thumb/v7-m/nofp/crtbegin.o
 *fill*         0x20000185        0x3 
 .bss.object.0  0x20000188       0x18 /nix/store/lyw5x085828mzih76llii47bnn7da5f8-gcc-arm-embedded-14.2.rel1/bin/../lib/gcc/arm-none-eabi/14.2.1/thumb/v7-m/nofp/crtbegin.o
 .bss.hpcd_USB_FS
                0x200001a0      0x2d8 CMakeFiles/LED_Blink.dir/USB_DEVICE/Target/usbd_conf.c.obj
                0x200001a0                hpcd_USB_FS
 .bss.mem.0     0x20000478      0x220 CMakeFiles/LED_Blink.dir/USB_DEVICE/Target/usbd_conf.c.obj
 .bss.hUsbDeviceFS
                0x20000698      0x2c4 CMakeFiles/LED_Blink.dir/USB_DEVICE/App/usb_device.c.obj
                0x20000698                hUsbDeviceFS
 .bss.USBD_StrDesc
                0x2000095c      0x200 CMakeFiles/LED_Blink.dir/USB_DEVICE/App/usbd_desc.c.obj
                0x2000095c                USBD_StrDesc
 .bss.UserRxBufferFS
                0x20000b5c      0x400 CMakeFiles/LED_Blink.dir/USB_DEVICE/App/usbd_cdc_if.c.obj
                0x20000b5c                UserRxBufferFS
 .bss.UserTxBufferFS
                0x20000f5c      0x400 CMakeFiles/LED_Blink.dir/USB_DEVICE/App/usbd_cdc_if.c.obj
                0x20000f5c                UserTxBufferFS
 .bss.test_mode.1
                0x2000135c        0x1 CMakeFiles/LED_Blink.dir/Core/Src/main.c.obj
 *fill*         0x2000135d        0x3 
 .bss.last_display_update.0
                0x20001360        0x4 CMakeFiles/LED_Blink.dir/Core/Src/main.c.obj
 .bss.hi2c1     0x20001364       0x54 CMakeFiles/LED_Blink.dir/Core/Src/i2c.c.obj
                0x20001364                hi2c1
 .bss.htim2     0x200013b8       0x48 CMakeFiles/LED_Blink.dir/Core/Src/tim.c.obj
                0x200013b8                htim2
 .bss.htim3     0x20001400       0x48 CMakeFiles/LED_Blink.dir/Core/Src/tim.c.obj
                0x20001400                htim3
 .bss.last_update.0
                0x20001448        0x4 CMakeFiles/LED_Blink.dir/Core/Src/rgb_breathing.c.obj
 .bss.SSD1306_Buffer
                0x2000144c      0x400 CMakeFiles/LED_Blink.dir/Core/Src/ssd1306.c.obj
                0x2000144c                SSD1306_Buffer
 .bss.SSD1306   0x2000184c        0x6 CMakeFiles/LED_Blink.dir/Core/Src/ssd1306.c.obj
 *fill*         0x20001852        0x2 
 .bss.last_encoder_value
                0x20001854        0x4 CMakeFiles/LED_Blink.dir/Core/Src/timer_control.c.obj
 .bss.last_button_state
                0x20001858        0x1 CMakeFiles/LED_Blink.dir/Core/Src/timer_control.c.obj
 *fill*         0x20001859        0x3 
 .bss.button_debounce_time
                0x2000185c        0x4 CMakeFiles/LED_Blink.dir/Core/Src/timer_control.c.obj
 .bss.uwTick    0x20001860        0x4 cmake/stm32cubemx/CMakeFiles/STM32_Drivers.dir/__/__/Drivers/STM32F1xx_HAL_Driver/Src/stm32f1xx_hal.c.obj
                0x20001860                uwTick
 .bss.cfgidx.0  0x20001864        0x1 cmake/stm32cubemx/CMakeFiles/USB_Device_Library.dir/__/__/Middlewares/ST/STM32_USB_Device_Library/Core/Src/usbd_ctlreq.c.obj
 *(COMMON)
                0x20001868                        . = ALIGN (0x4)
 *fill*         0x20001865        0x3 
                0x20001868                        _ebss = .
                0x20001868                        __bss_end__ = _ebss

._user_heap_stack
                0x20001868      0x600 load address 0x0800bab0
                0x20001868                        . = ALIGN (0x8)
                [!provide]                        PROVIDE (end = .)
                0x20001868                        PROVIDE (_end = .)
                0x20001a68                        . = (. + _Min_Heap_Size)
 *fill*         0x20001868      0x200 
                0x20001e68                        . = (. + _Min_Stack_Size)
 *fill*         0x20001a68      0x400 
                0x20001e68                        . = ALIGN (0x8)

/DISCARD/
 libc.a(*)
 libm.a(*)
 libgcc.a(*)
OUTPUT(LED_Blink.elf elf32-littlearm)
LOAD linker stubs
LOAD /nix/store/lyw5x085828mzih76llii47bnn7da5f8-gcc-arm-embedded-14.2.rel1/bin/../lib/gcc/arm-none-eabi/14.2.1/../../../../arm-none-eabi/lib/thumb/v7-m/nofp/libc.a
LOAD /nix/store/lyw5x085828mzih76llii47bnn7da5f8-gcc-arm-embedded-14.2.rel1/bin/../lib/gcc/arm-none-eabi/14.2.1/../../../../arm-none-eabi/lib/thumb/v7-m/nofp/libm.a
LOAD /nix/store/lyw5x085828mzih76llii47bnn7da5f8-gcc-arm-embedded-14.2.rel1/bin/../lib/gcc/arm-none-eabi/14.2.1/thumb/v7-m/nofp/libgcc.a

.ARM.attributes
                0x00000000       0x29
 .ARM.attributes
                0x00000000       0x1d /nix/store/lyw5x085828mzih76llii47bnn7da5f8-gcc-arm-embedded-14.2.rel1/bin/../lib/gcc/arm-none-eabi/14.2.1/thumb/v7-m/nofp/crti.o
 .ARM.attributes
                0x0000001d       0x2d /nix/store/lyw5x085828mzih76llii47bnn7da5f8-gcc-arm-embedded-14.2.rel1/bin/../lib/gcc/arm-none-eabi/14.2.1/thumb/v7-m/nofp/crtbegin.o
 .ARM.attributes
                0x0000004a       0x2d /nix/store/lyw5x085828mzih76llii47bnn7da5f8-gcc-arm-embedded-14.2.rel1/bin/../lib/gcc/arm-none-eabi/14.2.1/../../../../arm-none-eabi/lib/thumb/v7-m/nofp/libc_nano.a(libc_a-memset.o)
 .ARM.attributes
                0x00000077       0x2d /nix/store/lyw5x085828mzih76llii47bnn7da5f8-gcc-arm-embedded-14.2.rel1/bin/../lib/gcc/arm-none-eabi/14.2.1/../../../../arm-none-eabi/lib/thumb/v7-m/nofp/libc_nano.a(libc_a-init.o)
 .ARM.attributes
                0x000000a4       0x2d CMakeFiles/LED_Blink.dir/USB_DEVICE/Target/usbd_conf.c.obj
 .ARM.attributes
                0x000000d1       0x2d CMakeFiles/LED_Blink.dir/USB_DEVICE/App/usb_device.c.obj
 .ARM.attributes
                0x000000fe       0x2d CMakeFiles/LED_Blink.dir/USB_DEVICE/App/usbd_desc.c.obj
 .ARM.attributes
                0x0000012b       0x2d CMakeFiles/LED_Blink.dir/USB_DEVICE/App/usbd_cdc_if.c.obj
 .ARM.attributes
                0x00000158       0x2d CMakeFiles/LED_Blink.dir/Core/Src/main.c.obj
 .ARM.attributes
                0x00000185       0x2d CMakeFiles/LED_Blink.dir/Core/Src/gpio.c.obj
 .ARM.attributes
                0x000001b2       0x2d CMakeFiles/LED_Blink.dir/Core/Src/i2c.c.obj
 .ARM.attributes
                0x000001df       0x2d CMakeFiles/LED_Blink.dir/Core/Src/tim.c.obj
 .ARM.attributes
                0x0000020c       0x2d CMakeFiles/LED_Blink.dir/Core/Src/stm32f1xx_it.c.obj
 .ARM.attributes
                0x00000239       0x2d CMakeFiles/LED_Blink.dir/Core/Src/stm32f1xx_hal_msp.c.obj
 .ARM.attributes
                0x00000266       0x21 CMakeFiles/LED_Blink.dir/startup_stm32f103xb.s.obj
 .ARM.attributes
                0x00000287       0x2d CMakeFiles/LED_Blink.dir/Core/Src/chinese_font_16x16.c.obj
 .ARM.attributes
                0x000002b4       0x2d CMakeFiles/LED_Blink.dir/Core/Src/rgb_breathing.c.obj
 .ARM.attributes
                0x000002e1       0x2d CMakeFiles/LED_Blink.dir/Core/Src/ssd1306.c.obj
 .ARM.attributes
                0x0000030e       0x2d CMakeFiles/LED_Blink.dir/Core/Src/ssd1306_fonts_vertical.c.obj
 .ARM.attributes
                0x0000033b       0x2d CMakeFiles/LED_Blink.dir/Core/Src/timer_control.c.obj
 .ARM.attributes
                0x00000368       0x2d cmake/stm32cubemx/CMakeFiles/STM32_Drivers.dir/__/__/Core/Src/system_stm32f1xx.c.obj
 .ARM.attributes
                0x00000395       0x2d cmake/stm32cubemx/CMakeFiles/STM32_Drivers.dir/__/__/Drivers/STM32F1xx_HAL_Driver/Src/stm32f1xx_hal_pcd.c.obj
 .ARM.attributes
                0x000003c2       0x2d cmake/stm32cubemx/CMakeFiles/STM32_Drivers.dir/__/__/Drivers/STM32F1xx_HAL_Driver/Src/stm32f1xx_hal_pcd_ex.c.obj
 .ARM.attributes
                0x000003ef       0x2d cmake/stm32cubemx/CMakeFiles/STM32_Drivers.dir/__/__/Drivers/STM32F1xx_HAL_Driver/Src/stm32f1xx_ll_usb.c.obj
 .ARM.attributes
                0x0000041c       0x2d cmake/stm32cubemx/CMakeFiles/STM32_Drivers.dir/__/__/Drivers/STM32F1xx_HAL_Driver/Src/stm32f1xx_hal.c.obj
 .ARM.attributes
                0x00000449       0x2d cmake/stm32cubemx/CMakeFiles/STM32_Drivers.dir/__/__/Drivers/STM32F1xx_HAL_Driver/Src/stm32f1xx_hal_rcc.c.obj
 .ARM.attributes
                0x00000476       0x2d cmake/stm32cubemx/CMakeFiles/STM32_Drivers.dir/__/__/Drivers/STM32F1xx_HAL_Driver/Src/stm32f1xx_hal_rcc_ex.c.obj
 .ARM.attributes
                0x000004a3       0x2d cmake/stm32cubemx/CMakeFiles/STM32_Drivers.dir/__/__/Drivers/STM32F1xx_HAL_Driver/Src/stm32f1xx_hal_gpio.c.obj
 .ARM.attributes
                0x000004d0       0x2d cmake/stm32cubemx/CMakeFiles/STM32_Drivers.dir/__/__/Drivers/STM32F1xx_HAL_Driver/Src/stm32f1xx_hal_cortex.c.obj
 .ARM.attributes
                0x000004fd       0x2d cmake/stm32cubemx/CMakeFiles/STM32_Drivers.dir/__/__/Drivers/STM32F1xx_HAL_Driver/Src/stm32f1xx_hal_i2c.c.obj
 .ARM.attributes
                0x0000052a       0x2d cmake/stm32cubemx/CMakeFiles/STM32_Drivers.dir/__/__/Drivers/STM32F1xx_HAL_Driver/Src/stm32f1xx_hal_tim.c.obj
 .ARM.attributes
                0x00000557       0x2d cmake/stm32cubemx/CMakeFiles/STM32_Drivers.dir/__/__/Drivers/STM32F1xx_HAL_Driver/Src/stm32f1xx_hal_tim_ex.c.obj
 .ARM.attributes
                0x00000584       0x2d cmake/stm32cubemx/CMakeFiles/USB_Device_Library.dir/__/__/Middlewares/ST/STM32_USB_Device_Library/Core/Src/usbd_core.c.obj
 .ARM.attributes
                0x000005b1       0x2d cmake/stm32cubemx/CMakeFiles/USB_Device_Library.dir/__/__/Middlewares/ST/STM32_USB_Device_Library/Core/Src/usbd_ctlreq.c.obj
 .ARM.attributes
                0x000005de       0x2d cmake/stm32cubemx/CMakeFiles/USB_Device_Library.dir/__/__/Middlewares/ST/STM32_USB_Device_Library/Core/Src/usbd_ioreq.c.obj
 .ARM.attributes
                0x0000060b       0x2d cmake/stm32cubemx/CMakeFiles/USB_Device_Library.dir/__/__/Middlewares/ST/STM32_USB_Device_Library/Class/CDC/Src/usbd_cdc.c.obj
 .ARM.attributes
                0x00000638       0x1d /nix/store/lyw5x085828mzih76llii47bnn7da5f8-gcc-arm-embedded-14.2.rel1/bin/../lib/gcc/arm-none-eabi/14.2.1/thumb/v7-m/nofp/libgcc.a(_arm_addsubsf3.o)
 .ARM.attributes
                0x00000655       0x1d /nix/store/lyw5x085828mzih76llii47bnn7da5f8-gcc-arm-embedded-14.2.rel1/bin/../lib/gcc/arm-none-eabi/14.2.1/thumb/v7-m/nofp/libgcc.a(_arm_muldivsf3.o)
 .ARM.attributes
                0x00000672       0x1d /nix/store/lyw5x085828mzih76llii47bnn7da5f8-gcc-arm-embedded-14.2.rel1/bin/../lib/gcc/arm-none-eabi/14.2.1/thumb/v7-m/nofp/libgcc.a(_arm_cmpsf2.o)
 .ARM.attributes
                0x0000068f       0x1d /nix/store/lyw5x085828mzih76llii47bnn7da5f8-gcc-arm-embedded-14.2.rel1/bin/../lib/gcc/arm-none-eabi/14.2.1/thumb/v7-m/nofp/libgcc.a(_arm_fixunssfsi.o)
 .ARM.attributes
                0x000006ac       0x2d /nix/store/lyw5x085828mzih76llii47bnn7da5f8-gcc-arm-embedded-14.2.rel1/bin/../lib/gcc/arm-none-eabi/14.2.1/thumb/v7-m/nofp/crtend.o
 .ARM.attributes
                0x000006d9       0x1d /nix/store/lyw5x085828mzih76llii47bnn7da5f8-gcc-arm-embedded-14.2.rel1/bin/../lib/gcc/arm-none-eabi/14.2.1/thumb/v7-m/nofp/crtn.o

.comment        0x00000000       0x45
 .comment       0x00000000       0x45 CMakeFiles/LED_Blink.dir/USB_DEVICE/Target/usbd_conf.c.obj
                                 0x46 (size before relaxing)
 .comment       0x00000045       0x46 CMakeFiles/LED_Blink.dir/USB_DEVICE/App/usb_device.c.obj
 .comment       0x00000045       0x46 CMakeFiles/LED_Blink.dir/USB_DEVICE/App/usbd_desc.c.obj
 .comment       0x00000045       0x46 CMakeFiles/LED_Blink.dir/USB_DEVICE/App/usbd_cdc_if.c.obj
 .comment       0x00000045       0x46 CMakeFiles/LED_Blink.dir/Core/Src/main.c.obj
 .comment       0x00000045       0x46 CMakeFiles/LED_Blink.dir/Core/Src/gpio.c.obj
 .comment       0x00000045       0x46 CMakeFiles/LED_Blink.dir/Core/Src/i2c.c.obj
 .comment       0x00000045       0x46 CMakeFiles/LED_Blink.dir/Core/Src/tim.c.obj
 .comment       0x00000045       0x46 CMakeFiles/LED_Blink.dir/Core/Src/stm32f1xx_it.c.obj
 .comment       0x00000045       0x46 CMakeFiles/LED_Blink.dir/Core/Src/stm32f1xx_hal_msp.c.obj
 .comment       0x00000045       0x46 CMakeFiles/LED_Blink.dir/Core/Src/chinese_font_16x16.c.obj
 .comment       0x00000045       0x46 CMakeFiles/LED_Blink.dir/Core/Src/rgb_breathing.c.obj
 .comment       0x00000045       0x46 CMakeFiles/LED_Blink.dir/Core/Src/ssd1306.c.obj
 .comment       0x00000045       0x46 CMakeFiles/LED_Blink.dir/Core/Src/ssd1306_fonts_vertical.c.obj
 .comment       0x00000045       0x46 CMakeFiles/LED_Blink.dir/Core/Src/timer_control.c.obj
 .comment       0x00000045       0x46 cmake/stm32cubemx/CMakeFiles/STM32_Drivers.dir/__/__/Core/Src/system_stm32f1xx.c.obj
 .comment       0x00000045       0x46 cmake/stm32cubemx/CMakeFiles/STM32_Drivers.dir/__/__/Drivers/STM32F1xx_HAL_Driver/Src/stm32f1xx_hal_pcd.c.obj
 .comment       0x00000045       0x46 cmake/stm32cubemx/CMakeFiles/STM32_Drivers.dir/__/__/Drivers/STM32F1xx_HAL_Driver/Src/stm32f1xx_hal_pcd_ex.c.obj
 .comment       0x00000045       0x46 cmake/stm32cubemx/CMakeFiles/STM32_Drivers.dir/__/__/Drivers/STM32F1xx_HAL_Driver/Src/stm32f1xx_ll_usb.c.obj
 .comment       0x00000045       0x46 cmake/stm32cubemx/CMakeFiles/STM32_Drivers.dir/__/__/Drivers/STM32F1xx_HAL_Driver/Src/stm32f1xx_hal.c.obj
 .comment       0x00000045       0x46 cmake/stm32cubemx/CMakeFiles/STM32_Drivers.dir/__/__/Drivers/STM32F1xx_HAL_Driver/Src/stm32f1xx_hal_rcc.c.obj
 .comment       0x00000045       0x46 cmake/stm32cubemx/CMakeFiles/STM32_Drivers.dir/__/__/Drivers/STM32F1xx_HAL_Driver/Src/stm32f1xx_hal_rcc_ex.c.obj
 .comment       0x00000045       0x46 cmake/stm32cubemx/CMakeFiles/STM32_Drivers.dir/__/__/Drivers/STM32F1xx_HAL_Driver/Src/stm32f1xx_hal_gpio.c.obj
 .comment       0x00000045       0x46 cmake/stm32cubemx/CMakeFiles/STM32_Drivers.dir/__/__/Drivers/STM32F1xx_HAL_Driver/Src/stm32f1xx_hal_cortex.c.obj
 .comment       0x00000045       0x46 cmake/stm32cubemx/CMakeFiles/STM32_Drivers.dir/__/__/Drivers/STM32F1xx_HAL_Driver/Src/stm32f1xx_hal_i2c.c.obj
 .comment       0x00000045       0x46 cmake/stm32cubemx/CMakeFiles/STM32_Drivers.dir/__/__/Drivers/STM32F1xx_HAL_Driver/Src/stm32f1xx_hal_tim.c.obj
 .comment       0x00000045       0x46 cmake/stm32cubemx/CMakeFiles/STM32_Drivers.dir/__/__/Drivers/STM32F1xx_HAL_Driver/Src/stm32f1xx_hal_tim_ex.c.obj
 .comment       0x00000045       0x46 cmake/stm32cubemx/CMakeFiles/USB_Device_Library.dir/__/__/Middlewares/ST/STM32_USB_Device_Library/Core/Src/usbd_core.c.obj
 .comment       0x00000045       0x46 cmake/stm32cubemx/CMakeFiles/USB_Device_Library.dir/__/__/Middlewares/ST/STM32_USB_Device_Library/Core/Src/usbd_ctlreq.c.obj
 .comment       0x00000045       0x46 cmake/stm32cubemx/CMakeFiles/USB_Device_Library.dir/__/__/Middlewares/ST/STM32_USB_Device_Library/Core/Src/usbd_ioreq.c.obj
 .comment       0x00000045       0x46 cmake/stm32cubemx/CMakeFiles/USB_Device_Library.dir/__/__/Middlewares/ST/STM32_USB_Device_Library/Class/CDC/Src/usbd_cdc.c.obj

.debug_frame    0x00000000     0x52c4
 .debug_frame   0x00000000       0x20 /nix/store/lyw5x085828mzih76llii47bnn7da5f8-gcc-arm-embedded-14.2.rel1/bin/../lib/gcc/arm-none-eabi/14.2.1/../../../../arm-none-eabi/lib/thumb/v7-m/nofp/libc_nano.a(libc_a-memset.o)
 .debug_frame   0x00000020       0x2c /nix/store/lyw5x085828mzih76llii47bnn7da5f8-gcc-arm-embedded-14.2.rel1/bin/../lib/gcc/arm-none-eabi/14.2.1/../../../../arm-none-eabi/lib/thumb/v7-m/nofp/libc_nano.a(libc_a-init.o)
 .debug_frame   0x0000004c      0x4a4 CMakeFiles/LED_Blink.dir/USB_DEVICE/Target/usbd_conf.c.obj
 .debug_frame   0x000004f0       0x2c CMakeFiles/LED_Blink.dir/USB_DEVICE/App/usb_device.c.obj
 .debug_frame   0x0000051c      0x160 CMakeFiles/LED_Blink.dir/USB_DEVICE/App/usbd_desc.c.obj
 .debug_frame   0x0000067c       0xbc CMakeFiles/LED_Blink.dir/USB_DEVICE/App/usbd_cdc_if.c.obj
 .debug_frame   0x00000738       0x6c CMakeFiles/LED_Blink.dir/Core/Src/main.c.obj
 .debug_frame   0x000007a4       0x34 CMakeFiles/LED_Blink.dir/Core/Src/gpio.c.obj
 .debug_frame   0x000007d8       0x74 CMakeFiles/LED_Blink.dir/Core/Src/i2c.c.obj
 .debug_frame   0x0000084c       0xec CMakeFiles/LED_Blink.dir/Core/Src/tim.c.obj
 .debug_frame   0x00000938      0x120 CMakeFiles/LED_Blink.dir/Core/Src/stm32f1xx_it.c.obj
 .debug_frame   0x00000a58       0x38 CMakeFiles/LED_Blink.dir/Core/Src/stm32f1xx_hal_msp.c.obj
 .debug_frame   0x00000a90       0x60 CMakeFiles/LED_Blink.dir/Core/Src/chinese_font_16x16.c.obj
 .debug_frame   0x00000af0       0xcc CMakeFiles/LED_Blink.dir/Core/Src/rgb_breathing.c.obj
 .debug_frame   0x00000bbc      0x15c CMakeFiles/LED_Blink.dir/Core/Src/ssd1306.c.obj
 .debug_frame   0x00000d18      0x110 CMakeFiles/LED_Blink.dir/Core/Src/timer_control.c.obj
 .debug_frame   0x00000e28       0x58 cmake/stm32cubemx/CMakeFiles/STM32_Drivers.dir/__/__/Core/Src/system_stm32f1xx.c.obj
 .debug_frame   0x00000e80      0x594 cmake/stm32cubemx/CMakeFiles/STM32_Drivers.dir/__/__/Drivers/STM32F1xx_HAL_Driver/Src/stm32f1xx_hal_pcd.c.obj
 .debug_frame   0x00001414       0xb0 cmake/stm32cubemx/CMakeFiles/STM32_Drivers.dir/__/__/Drivers/STM32F1xx_HAL_Driver/Src/stm32f1xx_hal_pcd_ex.c.obj
 .debug_frame   0x000014c4      0x470 cmake/stm32cubemx/CMakeFiles/STM32_Drivers.dir/__/__/Drivers/STM32F1xx_HAL_Driver/Src/stm32f1xx_ll_usb.c.obj
 .debug_frame   0x00001934      0x334 cmake/stm32cubemx/CMakeFiles/STM32_Drivers.dir/__/__/Drivers/STM32F1xx_HAL_Driver/Src/stm32f1xx_hal.c.obj
 .debug_frame   0x00001c68      0x218 cmake/stm32cubemx/CMakeFiles/STM32_Drivers.dir/__/__/Drivers/STM32F1xx_HAL_Driver/Src/stm32f1xx_hal_rcc.c.obj
 .debug_frame   0x00001e80       0x80 cmake/stm32cubemx/CMakeFiles/STM32_Drivers.dir/__/__/Drivers/STM32F1xx_HAL_Driver/Src/stm32f1xx_hal_rcc_ex.c.obj
 .debug_frame   0x00001f00      0x14c cmake/stm32cubemx/CMakeFiles/STM32_Drivers.dir/__/__/Drivers/STM32F1xx_HAL_Driver/Src/stm32f1xx_hal_gpio.c.obj
 .debug_frame   0x0000204c      0x428 cmake/stm32cubemx/CMakeFiles/STM32_Drivers.dir/__/__/Drivers/STM32F1xx_HAL_Driver/Src/stm32f1xx_hal_cortex.c.obj
 .debug_frame   0x00002474      0xc84 cmake/stm32cubemx/CMakeFiles/STM32_Drivers.dir/__/__/Drivers/STM32F1xx_HAL_Driver/Src/stm32f1xx_hal_i2c.c.obj
 .debug_frame   0x000030f8     0x11b8 cmake/stm32cubemx/CMakeFiles/STM32_Drivers.dir/__/__/Drivers/STM32F1xx_HAL_Driver/Src/stm32f1xx_hal_tim.c.obj
 .debug_frame   0x000042b0      0x638 cmake/stm32cubemx/CMakeFiles/STM32_Drivers.dir/__/__/Drivers/STM32F1xx_HAL_Driver/Src/stm32f1xx_hal_tim_ex.c.obj
 .debug_frame   0x000048e8      0x300 cmake/stm32cubemx/CMakeFiles/USB_Device_Library.dir/__/__/Middlewares/ST/STM32_USB_Device_Library/Core/Src/usbd_core.c.obj
 .debug_frame   0x00004be8      0x218 cmake/stm32cubemx/CMakeFiles/USB_Device_Library.dir/__/__/Middlewares/ST/STM32_USB_Device_Library/Core/Src/usbd_ctlreq.c.obj
 .debug_frame   0x00004e00      0x10c cmake/stm32cubemx/CMakeFiles/USB_Device_Library.dir/__/__/Middlewares/ST/STM32_USB_Device_Library/Core/Src/usbd_ioreq.c.obj
 .debug_frame   0x00004f0c      0x248 cmake/stm32cubemx/CMakeFiles/USB_Device_Library.dir/__/__/Middlewares/ST/STM32_USB_Device_Library/Class/CDC/Src/usbd_cdc.c.obj
 .debug_frame   0x00005154       0x4c /nix/store/lyw5x085828mzih76llii47bnn7da5f8-gcc-arm-embedded-14.2.rel1/bin/../lib/gcc/arm-none-eabi/14.2.1/thumb/v7-m/nofp/libgcc.a(_arm_addsubsf3.o)
 .debug_frame   0x000051a0       0x38 /nix/store/lyw5x085828mzih76llii47bnn7da5f8-gcc-arm-embedded-14.2.rel1/bin/../lib/gcc/arm-none-eabi/14.2.1/thumb/v7-m/nofp/libgcc.a(_arm_muldivsf3.o)
 .debug_frame   0x000051d8       0xc8 /nix/store/lyw5x085828mzih76llii47bnn7da5f8-gcc-arm-embedded-14.2.rel1/bin/../lib/gcc/arm-none-eabi/14.2.1/thumb/v7-m/nofp/libgcc.a(_arm_cmpsf2.o)
 .debug_frame   0x000052a0       0x24 /nix/store/lyw5x085828mzih76llii47bnn7da5f8-gcc-arm-embedded-14.2.rel1/bin/../lib/gcc/arm-none-eabi/14.2.1/thumb/v7-m/nofp/libgcc.a(_arm_fixunssfsi.o)

.debug_info     0x00000000    0x1545b
 .debug_info    0x00000000     0x1864 CMakeFiles/LED_Blink.dir/USB_DEVICE/Target/usbd_conf.c.obj
 .debug_info    0x00001864      0x63d CMakeFiles/LED_Blink.dir/USB_DEVICE/App/usb_device.c.obj
 .debug_info    0x00001ea1      0x44a CMakeFiles/LED_Blink.dir/USB_DEVICE/App/usbd_desc.c.obj
 .debug_info    0x000022eb      0x7ec CMakeFiles/LED_Blink.dir/USB_DEVICE/App/usbd_cdc_if.c.obj
 .debug_info    0x00002ad7      0x6f2 CMakeFiles/LED_Blink.dir/Core/Src/main.c.obj
 .debug_info    0x000031c9      0x2d3 CMakeFiles/LED_Blink.dir/Core/Src/gpio.c.obj
 .debug_info    0x0000349c      0x879 CMakeFiles/LED_Blink.dir/Core/Src/i2c.c.obj
 .debug_info    0x00003d15      0xb17 CMakeFiles/LED_Blink.dir/Core/Src/tim.c.obj
 .debug_info    0x0000482c      0x602 CMakeFiles/LED_Blink.dir/Core/Src/stm32f1xx_it.c.obj
 .debug_info    0x00004e2e      0x1f1 CMakeFiles/LED_Blink.dir/Core/Src/stm32f1xx_hal_msp.c.obj
 .debug_info    0x0000501f       0x30 CMakeFiles/LED_Blink.dir/startup_stm32f103xb.s.obj
 .debug_info    0x0000504f      0x2f6 CMakeFiles/LED_Blink.dir/Core/Src/chinese_font_16x16.c.obj
 .debug_info    0x00005345      0x891 CMakeFiles/LED_Blink.dir/Core/Src/rgb_breathing.c.obj
 .debug_info    0x00005bd6      0x9d5 CMakeFiles/LED_Blink.dir/Core/Src/ssd1306.c.obj
 .debug_info    0x000065ab      0x125 CMakeFiles/LED_Blink.dir/Core/Src/ssd1306_fonts_vertical.c.obj
 .debug_info    0x000066d0      0x5e8 CMakeFiles/LED_Blink.dir/Core/Src/timer_control.c.obj
 .debug_info    0x00006cb8      0x222 cmake/stm32cubemx/CMakeFiles/STM32_Drivers.dir/__/__/Core/Src/system_stm32f1xx.c.obj
 .debug_info    0x00006eda     0x16dc cmake/stm32cubemx/CMakeFiles/STM32_Drivers.dir/__/__/Drivers/STM32F1xx_HAL_Driver/Src/stm32f1xx_hal_pcd.c.obj
 .debug_info    0x000085b6      0x6c3 cmake/stm32cubemx/CMakeFiles/STM32_Drivers.dir/__/__/Drivers/STM32F1xx_HAL_Driver/Src/stm32f1xx_hal_pcd_ex.c.obj
 .debug_info    0x00008c79     0x17ae cmake/stm32cubemx/CMakeFiles/STM32_Drivers.dir/__/__/Drivers/STM32F1xx_HAL_Driver/Src/stm32f1xx_ll_usb.c.obj
 .debug_info    0x0000a427      0x704 cmake/stm32cubemx/CMakeFiles/STM32_Drivers.dir/__/__/Drivers/STM32F1xx_HAL_Driver/Src/stm32f1xx_hal.c.obj
 .debug_info    0x0000ab2b      0x7d5 cmake/stm32cubemx/CMakeFiles/STM32_Drivers.dir/__/__/Drivers/STM32F1xx_HAL_Driver/Src/stm32f1xx_hal_rcc.c.obj
 .debug_info    0x0000b300      0x3c0 cmake/stm32cubemx/CMakeFiles/STM32_Drivers.dir/__/__/Drivers/STM32F1xx_HAL_Driver/Src/stm32f1xx_hal_rcc_ex.c.obj
 .debug_info    0x0000b6c0      0x5ab cmake/stm32cubemx/CMakeFiles/STM32_Drivers.dir/__/__/Drivers/STM32F1xx_HAL_Driver/Src/stm32f1xx_hal_gpio.c.obj
 .debug_info    0x0000bc6b      0xa87 cmake/stm32cubemx/CMakeFiles/STM32_Drivers.dir/__/__/Drivers/STM32F1xx_HAL_Driver/Src/stm32f1xx_hal_cortex.c.obj
 .debug_info    0x0000c6f2     0x2524 cmake/stm32cubemx/CMakeFiles/STM32_Drivers.dir/__/__/Drivers/STM32F1xx_HAL_Driver/Src/stm32f1xx_hal_i2c.c.obj
 .debug_info    0x0000ec16     0x2959 cmake/stm32cubemx/CMakeFiles/STM32_Drivers.dir/__/__/Drivers/STM32F1xx_HAL_Driver/Src/stm32f1xx_hal_tim.c.obj
 .debug_info    0x0001156f     0x149b cmake/stm32cubemx/CMakeFiles/STM32_Drivers.dir/__/__/Drivers/STM32F1xx_HAL_Driver/Src/stm32f1xx_hal_tim_ex.c.obj
 .debug_info    0x00012a0a      0xa52 cmake/stm32cubemx/CMakeFiles/USB_Device_Library.dir/__/__/Middlewares/ST/STM32_USB_Device_Library/Core/Src/usbd_core.c.obj
 .debug_info    0x0001345c      0x91c cmake/stm32cubemx/CMakeFiles/USB_Device_Library.dir/__/__/Middlewares/ST/STM32_USB_Device_Library/Core/Src/usbd_ctlreq.c.obj
 .debug_info    0x00013d78      0x6a0 cmake/stm32cubemx/CMakeFiles/USB_Device_Library.dir/__/__/Middlewares/ST/STM32_USB_Device_Library/Core/Src/usbd_ioreq.c.obj
 .debug_info    0x00014418     0x1043 cmake/stm32cubemx/CMakeFiles/USB_Device_Library.dir/__/__/Middlewares/ST/STM32_USB_Device_Library/Class/CDC/Src/usbd_cdc.c.obj

.debug_abbrev   0x00000000     0x3f41
 .debug_abbrev  0x00000000      0x316 CMakeFiles/LED_Blink.dir/USB_DEVICE/Target/usbd_conf.c.obj
 .debug_abbrev  0x00000316      0x18d CMakeFiles/LED_Blink.dir/USB_DEVICE/App/usb_device.c.obj
 .debug_abbrev  0x000004a3      0x1ff CMakeFiles/LED_Blink.dir/USB_DEVICE/App/usbd_desc.c.obj
 .debug_abbrev  0x000006a2      0x25d CMakeFiles/LED_Blink.dir/USB_DEVICE/App/usbd_cdc_if.c.obj
 .debug_abbrev  0x000008ff      0x256 CMakeFiles/LED_Blink.dir/Core/Src/main.c.obj
 .debug_abbrev  0x00000b55      0x13f CMakeFiles/LED_Blink.dir/Core/Src/gpio.c.obj
 .debug_abbrev  0x00000c94      0x1ef CMakeFiles/LED_Blink.dir/Core/Src/i2c.c.obj
 .debug_abbrev  0x00000e83      0x241 CMakeFiles/LED_Blink.dir/Core/Src/tim.c.obj
 .debug_abbrev  0x000010c4      0x192 CMakeFiles/LED_Blink.dir/Core/Src/stm32f1xx_it.c.obj
 .debug_abbrev  0x00001256       0xdb CMakeFiles/LED_Blink.dir/Core/Src/stm32f1xx_hal_msp.c.obj
 .debug_abbrev  0x00001331       0x24 CMakeFiles/LED_Blink.dir/startup_stm32f103xb.s.obj
 .debug_abbrev  0x00001355      0x15f CMakeFiles/LED_Blink.dir/Core/Src/chinese_font_16x16.c.obj
 .debug_abbrev  0x000014b4      0x213 CMakeFiles/LED_Blink.dir/Core/Src/rgb_breathing.c.obj
 .debug_abbrev  0x000016c7      0x275 CMakeFiles/LED_Blink.dir/Core/Src/ssd1306.c.obj
 .debug_abbrev  0x0000193c       0xaf CMakeFiles/LED_Blink.dir/Core/Src/ssd1306_fonts_vertical.c.obj
 .debug_abbrev  0x000019eb      0x226 CMakeFiles/LED_Blink.dir/Core/Src/timer_control.c.obj
 .debug_abbrev  0x00001c11      0x13f cmake/stm32cubemx/CMakeFiles/STM32_Drivers.dir/__/__/Core/Src/system_stm32f1xx.c.obj
 .debug_abbrev  0x00001d50      0x2d6 cmake/stm32cubemx/CMakeFiles/STM32_Drivers.dir/__/__/Drivers/STM32F1xx_HAL_Driver/Src/stm32f1xx_hal_pcd.c.obj
 .debug_abbrev  0x00002026      0x189 cmake/stm32cubemx/CMakeFiles/STM32_Drivers.dir/__/__/Drivers/STM32F1xx_HAL_Driver/Src/stm32f1xx_hal_pcd_ex.c.obj
 .debug_abbrev  0x000021af      0x1de cmake/stm32cubemx/CMakeFiles/STM32_Drivers.dir/__/__/Drivers/STM32F1xx_HAL_Driver/Src/stm32f1xx_ll_usb.c.obj
 .debug_abbrev  0x0000238d      0x201 cmake/stm32cubemx/CMakeFiles/STM32_Drivers.dir/__/__/Drivers/STM32F1xx_HAL_Driver/Src/stm32f1xx_hal.c.obj
 .debug_abbrev  0x0000258e      0x2b3 cmake/stm32cubemx/CMakeFiles/STM32_Drivers.dir/__/__/Drivers/STM32F1xx_HAL_Driver/Src/stm32f1xx_hal_rcc.c.obj
 .debug_abbrev  0x00002841      0x188 cmake/stm32cubemx/CMakeFiles/STM32_Drivers.dir/__/__/Drivers/STM32F1xx_HAL_Driver/Src/stm32f1xx_hal_rcc_ex.c.obj
 .debug_abbrev  0x000029c9      0x1ca cmake/stm32cubemx/CMakeFiles/STM32_Drivers.dir/__/__/Drivers/STM32F1xx_HAL_Driver/Src/stm32f1xx_hal_gpio.c.obj